******************************************************************************
                  MSP430 Linker PC v4.4.5                      
******************************************************************************
>> Linked Thu May 05 13:01:37 2016

OUTPUT FILE NAME:   <FinalProject.out>
ENTRY POINT SYMBOL: "_c_int00_noargs_noexit"  address: 0000cece


MEMORY CONFIGURATION

         name            origin    length      used     unused   attr    fill
----------------------  --------  ---------  --------  --------  ----  --------
  SFR                   00000000   00000010  00000000  00000010  RWIX
  PERIPHERALS_8BIT      00000010   000000f0  00000000  000000f0  RWIX
  PERIPHERALS_16BIT     00000100   00000100  00000000  00000100  RWIX
  RAM                   00000200   00000200  000000e9  00000117  RWIX
  INFOD                 00001000   00000040  00000000  00000040  RWIX
  INFOC                 00001040   00000040  00000000  00000040  RWIX
  INFOB                 00001080   00000040  00000000  00000040  RWIX
  INFOA                 000010c0   00000040  00000000  00000040  RWIX
  FLASH                 0000c000   00003fde  0000106f  00002f6f  RWIX
  BSLSIGNATURE          0000ffde   00000002  00000002  00000000  RWIX  ffff 
  INT00                 0000ffe0   00000002  00000002  00000000  RWIX
  INT01                 0000ffe2   00000002  00000000  00000002  RWIX
  INT02                 0000ffe4   00000002  00000002  00000000  RWIX
  INT03                 0000ffe6   00000002  00000002  00000000  RWIX
  INT04                 0000ffe8   00000002  00000000  00000002  RWIX
  INT05                 0000ffea   00000002  00000002  00000000  RWIX
  INT06                 0000ffec   00000002  00000002  00000000  RWIX
  INT07                 0000ffee   00000002  00000002  00000000  RWIX
  INT08                 0000fff0   00000002  00000002  00000000  RWIX
  INT09                 0000fff2   00000002  00000002  00000000  RWIX
  INT10                 0000fff4   00000002  00000002  00000000  RWIX
  INT11                 0000fff6   00000002  00000002  00000000  RWIX
  INT12                 0000fff8   00000002  00000002  00000000  RWIX
  INT13                 0000fffa   00000002  00000002  00000000  RWIX
  INT14                 0000fffc   00000002  00000002  00000000  RWIX
  RESET                 0000fffe   00000002  00000002  00000000  RWIX


SECTION ALLOCATION MAP

 output                                  attributes/
section   page    origin      length       input sections
--------  ----  ----------  ----------   ----------------
.bss       0    00000200    00000091     UNINITIALIZED
                  00000200    00000030     (.common:circularBuffer)
                  00000230    00000016     (.common:gPushButton)
                  00000246    00000010     (.common:DisplayPWM)
                  00000256    00000006     (.common:average)
                  0000025c    00000006     (.common:calibratedMAX)
                  00000262    00000006     (.common:calibratedMIN)
                  00000268    00000006     (.common:calibratedZero)
                  0000026e    00000006     (.common:runningSum)
                  00000274    00000006     (.common:sample)
                  0000027a    00000006     (.common:xyzCoordinates)
                  00000280    00000004     (.common:angles)
                  00000284    00000003     (.common:them)
                  00000287    00000003     (.common:us)
                  0000028a    00000002     (.common:bufferPointer)
                  0000028c    00000002     (.common:g250usTimer)
                  0000028e    00000002     (.common:target)
                  00000290    00000001     (.common:gameData)

.data      0    00000292    00000008     UNINITIALIZED
                  00000292    00000004     rts430_eabi.lib : rand.obj (.data)
                  00000296    00000002                     : _lock.obj (.data:_lock)
                  00000298    00000002                     : _lock.obj (.data:_unlock)

.TI.persistent 
*          0    00000292    00000000     UNINITIALIZED

.stack     0    000003b0    00000050     UNINITIALIZED
                  000003b0    00000002     rts430_eabi.lib : boot.obj (.stack)
                  000003b2    0000004e     --HOLE--

.text      0    0000c000    0000102a     
                  0000c000    00000192     TISendData.obj (.text:TISendListGetCalc)
                  0000c192    00000108     CORDIC.obj (.text:getDisplaySetting)
                  0000c29a    000000d8     main.obj (.text:InitializeGlobalVariables)
                  0000c372    000000d4     calibrate.obj (.text:Calibrate)
                  0000c446    000000d0     TIVar.obj (.text:UnsignedCharToTIReal)
                  0000c516    000000ca     Game.obj (.text:updateLocationOnTilt)
                  0000c5e0    000000b4     TI_IO.obj (.text:TISendByte)
                  0000c694    000000a0     TI_IO.obj (.text:TIReceivePacket)
                  0000c734    00000092     TI_IO.obj (.text:TIReceiveByte)
                  0000c7c6    0000008e     filter.obj (.text:filter)
                  0000c854    0000008e     CORDIC.obj (.text:findQuadrantAngle)
                  0000c8e2    0000008a     debounce.obj (.text:Debouncer)
                  0000c96c    00000088     TI_IO.obj (.text:TISendPacket)
                  0000c9f4    0000006a     debounce.obj (.text:InitializeSwitch)
                  0000ca5e    00000064     rts430_eabi.lib : copy_decompress_rle.obj (.text:__TI_decompress_rle_core)
                  0000cac2    00000062     main.obj (.text:main)
                  0000cb24    00000058     rts430_eabi.lib : autoinit.obj (.text:_auto_init)
                  0000cb7c    0000004c     Game.obj (.text:getTiltMultiplier)
                  0000cbc8    0000004c     rts430_eabi.lib : lsr16.obj (.text)
                  0000cc14    0000004c     Game.obj (.text:updateDisplay)
                  0000cc60    00000042     Game.obj (.text:initializeGame)
                  0000cca2    00000042     Game.obj (.text:moveUs)
                  0000cce4    00000038     rts430_eabi.lib : rand.obj (.text:rand)
                  0000cd1c    00000030     SPI.obj (.text:SPISendByte)
                  0000cd4c    0000002e     SPI.obj (.text:ConfigureSPI)
                  0000cd7a    0000002c     ADC.obj (.text:ConfigureADC)
                  0000cda6    0000002c     rts430_eabi.lib : asr16.obj (.text)
                  0000cdd2    0000002c                     : lsl16.obj (.text)
                  0000cdfe    0000002a     CORDIC.obj (.text:getQuad)
                  0000ce28    00000026     CORDIC.obj (.text:findTotalAngle)
                  0000ce4e    00000026     rts430_eabi.lib : mult32.obj (.text)
                  0000ce74    00000020     TI_IO.obj (.text:TIInitializePins)
                  0000ce94    00000020     TI_IO.obj (.text:TIResetPins)
                  0000ceb4    0000001a     calibrate.obj (.text:WaitButtonPress)
                  0000cece    0000001a     rts430_eabi.lib : boot_special.obj (.text:_c_int00_noargs_noexit)
                  0000cee8    00000018     ADC.obj (.text:GetSamples)
                  0000cf00    00000016     ADC.obj (.text:GetFilteredSample)
                  0000cf16    00000016     debounce.obj (.text:GetSwitch)
                  0000cf2c    00000014     timerA.obj (.text:ConfigureTimerA)
                  0000cf40    00000014     rts430_eabi.lib : copy_zero_init.obj (.text:decompress:ZI:__TI_zero_init)
                  0000cf54    00000014                     : memset.obj (.text:memset)
                  0000cf68    00000014                     : mult16.obj (.text)
                  0000cf7c    00000012                     : copy_decompress_none.obj (.text:decompress:none:__TI_decompress_none)
                  0000cf8e    00000012                     : memcpy.obj (.text:memcpy)
                  0000cfa0    00000012     Game.obj (.text:randY)
                  0000cfb2    00000010     rts430_eabi.lib : epilog.obj (.text)
                  0000cfc2    0000000e     main.obj (.text:ConfigureClockModule)
                  0000cfd0    0000000e     LEDDisplay.obj (.text:UpdateLEDDisplay)
                  0000cfde    0000000e     CORDIC.obj (.text:setCoordinates)
                  0000cfec    0000000c     Game.obj (.text:randNum)
                  0000cff8    0000000c     Game.obj (.text:randX)
                  0000d004    0000000a     Game.obj (.text:initializePoint)
                  0000d00e    00000006     timerA.obj (.text:TimerA0_routine)
                  0000d014    00000006     rts430_eabi.lib : isr_trap.obj (.text:_isr:__TI_ISR_TRAP)
                  0000d01a    00000006                     : copy_decompress_rle.obj (.text:decompress:rle24:__TI_decompress_rle24)
                  0000d020    00000004                     : pre_init.obj (.text:_system_pre_init)
                  0000d024    00000004                     : exit.obj (.text:abort)
                  0000d028    00000002                     : _lock.obj (.text:_nop)

.const     0    0000d02a    00000027     
                  0000d02a    00000010     CORDIC.obj (.const:COSSCALE)
                  0000d03a    00000010     CORDIC.obj (.const:TANANGLES)
                  0000d04a    00000007     Game.obj (.const:.string:$P$T0$1)

.cinit     0    0000d052    0000001e     
                  0000d052    0000000c     (.cinit..data.load) [load image]
                  0000d05e    00000006     (__TI_handler_table)
                  0000d064    00000004     (.cinit..bss.load) [load image, compression = zero_init]
                  0000d068    00000008     (__TI_cinit_table)

.init_array 
*          0    0000c000    00000000     UNINITIALIZED

TRAPINT    0    0000ffe0    00000002     
                  0000ffe0    00000002     rts430_eabi.lib : int00.obj (.int00)

$fill000   0    0000ffde    00000002     
                  0000ffde    00000002     --HOLE-- [fill = ffff]

PORT1      0    0000ffe4    00000002     
                  0000ffe4    00000002     rts430_eabi.lib : int02.obj (.int02)

PORT2      0    0000ffe6    00000002     
                  0000ffe6    00000002     rts430_eabi.lib : int03.obj (.int03)

ADC10      0    0000ffea    00000002     
                  0000ffea    00000002     rts430_eabi.lib : int05.obj (.int05)

USCIAB0TX 
*          0    0000ffec    00000002     
                  0000ffec    00000002     rts430_eabi.lib : int06.obj (.int06)

USCIAB0RX 
*          0    0000ffee    00000002     
                  0000ffee    00000002     rts430_eabi.lib : int07.obj (.int07)

TIMER0_A1 
*          0    0000fff0    00000002     
                  0000fff0    00000002     rts430_eabi.lib : int08.obj (.int08)

TIMER0_A0 
*          0    0000fff2    00000002     
                  0000fff2    00000002     timerA.obj (.int09)

WDT        0    0000fff4    00000002     
                  0000fff4    00000002     rts430_eabi.lib : int10.obj (.int10)

COMPARATORA 
*          0    0000fff6    00000002     
                  0000fff6    00000002     rts430_eabi.lib : int11.obj (.int11)

TIMER1_A1 
*          0    0000fff8    00000002     
                  0000fff8    00000002     rts430_eabi.lib : int12.obj (.int12)

TIMER1_A0 
*          0    0000fffa    00000002     
                  0000fffa    00000002     rts430_eabi.lib : int13.obj (.int13)

NMI        0    0000fffc    00000002     
                  0000fffc    00000002     rts430_eabi.lib : int14.obj (.int14)

.reset     0    0000fffe    00000002     
                  0000fffe    00000002     rts430_eabi.lib : boot.obj (.reset)


LINKER GENERATED COPY TABLES

__TI_cinit_table @ 0000d068 records: 2, size/record: 4, table size: 8
	.data: load addr=0000d052, load size=0000000c bytes, run addr=00000292, run size=00000008 bytes, compression=copy
	.bss: load addr=0000d064, load size=00000004 bytes, run addr=00000200, run size=00000091 bytes, compression=zero_init


LINKER GENERATED HANDLER TABLE

__TI_handler_table @ 0000d05e records: 3, size/record: 2, table size: 6
	index: 0, handler: __TI_zero_init
	index: 1, handler: __TI_decompress_rle24
	index: 2, handler: __TI_decompress_none


GLOBAL SYMBOLS: SORTED ALPHABETICALLY BY Name 

address   name                     
-------   ----                     
0000004a  ADC10AE0                 
000001b0  ADC10CTL0                
000001b2  ADC10CTL1                
00000048  ADC10DTC0                
00000049  ADC10DTC1                
000001b4  ADC10MEM                 
000001bc  ADC10SA                  
00000057  BCSCTL1                  
00000058  BCSCTL2                  
00000053  BCSCTL3                  
0000d024  C$$EXIT                  
00000059  CACTL1                   
0000005a  CACTL2                   
000010fb  CALBC1_12MHZ             
000010f9  CALBC1_16MHZ             
000010ff  CALBC1_1MHZ              
000010fd  CALBC1_8MHZ              
000010fa  CALDCO_12MHZ             
000010f8  CALDCO_16MHZ             
000010fe  CALDCO_1MHZ              
000010fc  CALDCO_8MHZ              
0000005b  CAPD                     
0000d02a  COSSCALE                 
0000c372  Calibrate                
0000cd7a  ConfigureADC             
0000cfc2  ConfigureClockModule     
0000cd4c  ConfigureLEDDisplay      
0000cd4c  ConfigureSPI             
0000cf2c  ConfigureTimerA          
00000056  DCOCTL                   
0000c8e2  Debouncer                
00000246  DisplayPWM               
00000128  FCTL1                    
0000012a  FCTL2                    
0000012c  FCTL3                    
0000cf00  GetFilteredSample        
0000cee8  GetSamples               
0000cf16  GetSwitch                
00000000  IE1                      
00000001  IE2                      
00000002  IFG1                     
00000003  IFG2                     
0000c29a  InitializeGlobalVariables
0000c9f4  InitializeSwitch         
00000022  P1DIR                    
00000025  P1IE                     
00000024  P1IES                    
00000023  P1IFG                    
00000020  P1IN                     
00000021  P1OUT                    
00000027  P1REN                    
00000026  P1SEL                    
00000041  P1SEL2                   
0000002a  P2DIR                    
0000002d  P2IE                     
0000002c  P2IES                    
0000002b  P2IFG                    
00000028  P2IN                     
00000029  P2OUT                    
0000002f  P2REN                    
0000002e  P2SEL                    
00000042  P2SEL2                   
0000001a  P3DIR                    
00000018  P3IN                     
00000019  P3OUT                    
00000010  P3REN                    
0000001b  P3SEL                    
00000043  P3SEL2                   
0000cd1c  SPISendByte              
00000172  TA0CCR0                  
00000174  TA0CCR1                  
00000176  TA0CCR2                  
00000162  TA0CCTL0                 
00000164  TA0CCTL1                 
00000166  TA0CCTL2                 
00000160  TA0CTL                   
0000012e  TA0IV                    
00000170  TA0R                     
00000192  TA1CCR0                  
00000194  TA1CCR1                  
00000196  TA1CCR2                  
00000182  TA1CCTL0                 
00000184  TA1CCTL1                 
00000186  TA1CCTL2                 
00000180  TA1CTL                   
0000011e  TA1IV                    
00000190  TA1R                     
0000d03a  TANANGLES                
0000ce74  TIInitializePins         
0000c734  TIReceiveByte            
0000c694  TIReceivePacket          
0000ce94  TIResetPins              
0000c5e0  TISendByte               
0000c000  TISendListGetCalc        
0000c96c  TISendPacket             
000010db  TLV_ADC10_1_LEN          
000010da  TLV_ADC10_1_TAG          
000010c0  TLV_CHECKSUM             
000010f7  TLV_DCO_30_LEN           
000010f6  TLV_DCO_30_TAG           
0000d00e  TimerA0_routine          
0000005d  UCA0ABCTL                
00000062  UCA0BR0                  
00000063  UCA0BR1                  
00000060  UCA0CTL0                 
00000061  UCA0CTL1                 
0000005f  UCA0IRRCTL               
0000005e  UCA0IRTCTL               
00000064  UCA0MCTL                 
00000066  UCA0RXBUF                
00000065  UCA0STAT                 
00000067  UCA0TXBUF                
0000006a  UCB0BR0                  
0000006b  UCB0BR1                  
00000068  UCB0CTL0                 
00000069  UCB0CTL1                 
0000006c  UCB0I2CIE                
00000118  UCB0I2COA                
0000011a  UCB0I2CSA                
0000006e  UCB0RXBUF                
0000006d  UCB0STAT                 
0000006f  UCB0TXBUF                
0000c446  UnsignedCharToTIReal     
0000cfd0  UpdateLEDDisplay         
00000120  WDTCTL                   
0000ceb4  WaitButtonPress          
00000400  __STACK_END              
00000050  __STACK_SIZE             
0000d068  __TI_CINIT_Base          
0000d070  __TI_CINIT_Limit         
0000d05e  __TI_Handler_Table_Base  
0000d064  __TI_Handler_Table_Limit 
UNDEFED   __TI_INITARRAY_Base      
UNDEFED   __TI_INITARRAY_Limit     
0000d014  __TI_ISR_TRAP            
0000cf7c  __TI_decompress_none     
0000d01a  __TI_decompress_rle24    
0000ffe0  __TI_int00               
0000ffe4  __TI_int02               
0000ffe6  __TI_int03               
0000ffea  __TI_int05               
0000ffec  __TI_int06               
0000ffee  __TI_int07               
0000fff0  __TI_int08               
0000fff2  __TI_int09               
0000fff4  __TI_int10               
0000fff6  __TI_int11               
0000fff8  __TI_int12               
0000fffa  __TI_int13               
0000fffc  __TI_int14               
0000cf40  __TI_zero_init           
ffffffff  __binit__                
ffffffff  __c_args__               
0000cfbe  __mspabi_func_epilog_1   
0000cfbc  __mspabi_func_epilog_2   
0000cfba  __mspabi_func_epilog_3   
0000cfb8  __mspabi_func_epilog_4   
0000cfb6  __mspabi_func_epilog_5   
0000cfb4  __mspabi_func_epilog_6   
0000cfb2  __mspabi_func_epilog_7   
0000cf68  __mspabi_mpyi            
0000cf68  __mspabi_mpyi_sw         
0000ce4e  __mspabi_mpyl            
0000ce4e  __mspabi_mpyl_sw         
0000cdd2  __mspabi_slli            
0000cdfa  __mspabi_slli_1          
0000cde8  __mspabi_slli_10         
0000cde6  __mspabi_slli_11         
0000cde4  __mspabi_slli_12         
0000cde2  __mspabi_slli_13         
0000cde0  __mspabi_slli_14         
0000cdde  __mspabi_slli_15         
0000cdf8  __mspabi_slli_2          
0000cdf6  __mspabi_slli_3          
0000cdf4  __mspabi_slli_4          
0000cdf2  __mspabi_slli_5          
0000cdf0  __mspabi_slli_6          
0000cdee  __mspabi_slli_7          
0000cdec  __mspabi_slli_8          
0000cdea  __mspabi_slli_9          
0000cda6  __mspabi_srai            
0000cdce  __mspabi_srai_1          
0000cdbc  __mspabi_srai_10         
0000cdba  __mspabi_srai_11         
0000cdb8  __mspabi_srai_12         
0000cdb6  __mspabi_srai_13         
0000cdb4  __mspabi_srai_14         
0000cdb2  __mspabi_srai_15         
0000cdcc  __mspabi_srai_2          
0000cdca  __mspabi_srai_3          
0000cdc8  __mspabi_srai_4          
0000cdc6  __mspabi_srai_5          
0000cdc4  __mspabi_srai_6          
0000cdc2  __mspabi_srai_7          
0000cdc0  __mspabi_srai_8          
0000cdbe  __mspabi_srai_9          
0000cbc8  __mspabi_srli            
0000cc0e  __mspabi_srli_1          
0000cbea  __mspabi_srli_10         
0000cbe6  __mspabi_srli_11         
0000cbe2  __mspabi_srli_12         
0000cbde  __mspabi_srli_13         
0000cbda  __mspabi_srli_14         
0000cbd6  __mspabi_srli_15         
0000cc0a  __mspabi_srli_2          
0000cc06  __mspabi_srli_3          
0000cc02  __mspabi_srli_4          
0000cbfe  __mspabi_srli_5          
0000cbfa  __mspabi_srli_6          
0000cbf6  __mspabi_srli_7          
0000cbf2  __mspabi_srli_8          
0000cbee  __mspabi_srli_9          
0000cb24  _auto_init               
0000cece  _c_int00_noargs_noexit   
00000296  _lock                    
0000d028  _nop                     
0000fffe  _reset_vector            
000003b0  _stack                   
0000d020  _system_pre_init         
00000298  _unlock                  
0000d024  abort                    
00000280  angles                   
00000256  average                  
ffffffff  binit                    
0000028a  bufferPointer            
0000025c  calibratedMAX            
00000262  calibratedMIN            
00000268  calibratedZero           
00000200  circularBuffer           
0000c7c6  filter                   
0000c854  findQuadrantAngle        
0000ce28  findTotalAngle           
0000028c  g250usTimer              
00000230  gPushButton              
00000290  gameData                 
0000c192  getDisplaySetting        
0000cdfe  getQuad                  
0000cb7c  getTiltMultiplier        
0000cc60  initializeGame           
0000d004  initializePoint          
0000cac2  main                     
0000cf8e  memcpy                   
0000cf54  memset                   
0000cca2  moveUs                   
0000cce4  rand                     
0000cfec  randNum                  
0000cff8  randX                    
0000cfa0  randY                    
0000026e  runningSum               
00000274  sample                   
0000cfde  setCoordinates           
0000028e  target                   
00000284  them                     
0000cc14  updateDisplay            
0000c516  updateLocationOnTilt     
00000287  us                       
0000027a  xyzCoordinates           


GLOBAL SYMBOLS: SORTED BY Symbol Address 

address   name                     
-------   ----                     
00000000  IE1                      
00000001  IE2                      
00000002  IFG1                     
00000003  IFG2                     
00000010  P3REN                    
00000018  P3IN                     
00000019  P3OUT                    
0000001a  P3DIR                    
0000001b  P3SEL                    
00000020  P1IN                     
00000021  P1OUT                    
00000022  P1DIR                    
00000023  P1IFG                    
00000024  P1IES                    
00000025  P1IE                     
00000026  P1SEL                    
00000027  P1REN                    
00000028  P2IN                     
00000029  P2OUT                    
0000002a  P2DIR                    
0000002b  P2IFG                    
0000002c  P2IES                    
0000002d  P2IE                     
0000002e  P2SEL                    
0000002f  P2REN                    
00000041  P1SEL2                   
00000042  P2SEL2                   
00000043  P3SEL2                   
00000048  ADC10DTC0                
00000049  ADC10DTC1                
0000004a  ADC10AE0                 
00000050  __STACK_SIZE             
00000053  BCSCTL3                  
00000056  DCOCTL                   
00000057  BCSCTL1                  
00000058  BCSCTL2                  
00000059  CACTL1                   
0000005a  CACTL2                   
0000005b  CAPD                     
0000005d  UCA0ABCTL                
0000005e  UCA0IRTCTL               
0000005f  UCA0IRRCTL               
00000060  UCA0CTL0                 
00000061  UCA0CTL1                 
00000062  UCA0BR0                  
00000063  UCA0BR1                  
00000064  UCA0MCTL                 
00000065  UCA0STAT                 
00000066  UCA0RXBUF                
00000067  UCA0TXBUF                
00000068  UCB0CTL0                 
00000069  UCB0CTL1                 
0000006a  UCB0BR0                  
0000006b  UCB0BR1                  
0000006c  UCB0I2CIE                
0000006d  UCB0STAT                 
0000006e  UCB0RXBUF                
0000006f  UCB0TXBUF                
00000118  UCB0I2COA                
0000011a  UCB0I2CSA                
0000011e  TA1IV                    
00000120  WDTCTL                   
00000128  FCTL1                    
0000012a  FCTL2                    
0000012c  FCTL3                    
0000012e  TA0IV                    
00000160  TA0CTL                   
00000162  TA0CCTL0                 
00000164  TA0CCTL1                 
00000166  TA0CCTL2                 
00000170  TA0R                     
00000172  TA0CCR0                  
00000174  TA0CCR1                  
00000176  TA0CCR2                  
00000180  TA1CTL                   
00000182  TA1CCTL0                 
00000184  TA1CCTL1                 
00000186  TA1CCTL2                 
00000190  TA1R                     
00000192  TA1CCR0                  
00000194  TA1CCR1                  
00000196  TA1CCR2                  
000001b0  ADC10CTL0                
000001b2  ADC10CTL1                
000001b4  ADC10MEM                 
000001bc  ADC10SA                  
00000200  circularBuffer           
00000230  gPushButton              
00000246  DisplayPWM               
00000256  average                  
0000025c  calibratedMAX            
00000262  calibratedMIN            
00000268  calibratedZero           
0000026e  runningSum               
00000274  sample                   
0000027a  xyzCoordinates           
00000280  angles                   
00000284  them                     
00000287  us                       
0000028a  bufferPointer            
0000028c  g250usTimer              
0000028e  target                   
00000290  gameData                 
00000296  _lock                    
00000298  _unlock                  
000003b0  _stack                   
00000400  __STACK_END              
000010c0  TLV_CHECKSUM             
000010da  TLV_ADC10_1_TAG          
000010db  TLV_ADC10_1_LEN          
000010f6  TLV_DCO_30_TAG           
000010f7  TLV_DCO_30_LEN           
000010f8  CALDCO_16MHZ             
000010f9  CALBC1_16MHZ             
000010fa  CALDCO_12MHZ             
000010fb  CALBC1_12MHZ             
000010fc  CALDCO_8MHZ              
000010fd  CALBC1_8MHZ              
000010fe  CALDCO_1MHZ              
000010ff  CALBC1_1MHZ              
0000c000  TISendListGetCalc        
0000c192  getDisplaySetting        
0000c29a  InitializeGlobalVariables
0000c372  Calibrate                
0000c446  UnsignedCharToTIReal     
0000c516  updateLocationOnTilt     
0000c5e0  TISendByte               
0000c694  TIReceivePacket          
0000c734  TIReceiveByte            
0000c7c6  filter                   
0000c854  findQuadrantAngle        
0000c8e2  Debouncer                
0000c96c  TISendPacket             
0000c9f4  InitializeSwitch         
0000cac2  main                     
0000cb24  _auto_init               
0000cb7c  getTiltMultiplier        
0000cbc8  __mspabi_srli            
0000cbd6  __mspabi_srli_15         
0000cbda  __mspabi_srli_14         
0000cbde  __mspabi_srli_13         
0000cbe2  __mspabi_srli_12         
0000cbe6  __mspabi_srli_11         
0000cbea  __mspabi_srli_10         
0000cbee  __mspabi_srli_9          
0000cbf2  __mspabi_srli_8          
0000cbf6  __mspabi_srli_7          
0000cbfa  __mspabi_srli_6          
0000cbfe  __mspabi_srli_5          
0000cc02  __mspabi_srli_4          
0000cc06  __mspabi_srli_3          
0000cc0a  __mspabi_srli_2          
0000cc0e  __mspabi_srli_1          
0000cc14  updateDisplay            
0000cc60  initializeGame           
0000cca2  moveUs                   
0000cce4  rand                     
0000cd1c  SPISendByte              
0000cd4c  ConfigureLEDDisplay      
0000cd4c  ConfigureSPI             
0000cd7a  ConfigureADC             
0000cda6  __mspabi_srai            
0000cdb2  __mspabi_srai_15         
0000cdb4  __mspabi_srai_14         
0000cdb6  __mspabi_srai_13         
0000cdb8  __mspabi_srai_12         
0000cdba  __mspabi_srai_11         
0000cdbc  __mspabi_srai_10         
0000cdbe  __mspabi_srai_9          
0000cdc0  __mspabi_srai_8          
0000cdc2  __mspabi_srai_7          
0000cdc4  __mspabi_srai_6          
0000cdc6  __mspabi_srai_5          
0000cdc8  __mspabi_srai_4          
0000cdca  __mspabi_srai_3          
0000cdcc  __mspabi_srai_2          
0000cdce  __mspabi_srai_1          
0000cdd2  __mspabi_slli            
0000cdde  __mspabi_slli_15         
0000cde0  __mspabi_slli_14         
0000cde2  __mspabi_slli_13         
0000cde4  __mspabi_slli_12         
0000cde6  __mspabi_slli_11         
0000cde8  __mspabi_slli_10         
0000cdea  __mspabi_slli_9          
0000cdec  __mspabi_slli_8          
0000cdee  __mspabi_slli_7          
0000cdf0  __mspabi_slli_6          
0000cdf2  __mspabi_slli_5          
0000cdf4  __mspabi_slli_4          
0000cdf6  __mspabi_slli_3          
0000cdf8  __mspabi_slli_2          
0000cdfa  __mspabi_slli_1          
0000cdfe  getQuad                  
0000ce28  findTotalAngle           
0000ce4e  __mspabi_mpyl            
0000ce4e  __mspabi_mpyl_sw         
0000ce74  TIInitializePins         
0000ce94  TIResetPins              
0000ceb4  WaitButtonPress          
0000cece  _c_int00_noargs_noexit   
0000cee8  GetSamples               
0000cf00  GetFilteredSample        
0000cf16  GetSwitch                
0000cf2c  ConfigureTimerA          
0000cf40  __TI_zero_init           
0000cf54  memset                   
0000cf68  __mspabi_mpyi            
0000cf68  __mspabi_mpyi_sw         
0000cf7c  __TI_decompress_none     
0000cf8e  memcpy                   
0000cfa0  randY                    
0000cfb2  __mspabi_func_epilog_7   
0000cfb4  __mspabi_func_epilog_6   
0000cfb6  __mspabi_func_epilog_5   
0000cfb8  __mspabi_func_epilog_4   
0000cfba  __mspabi_func_epilog_3   
0000cfbc  __mspabi_func_epilog_2   
0000cfbe  __mspabi_func_epilog_1   
0000cfc2  ConfigureClockModule     
0000cfd0  UpdateLEDDisplay         
0000cfde  setCoordinates           
0000cfec  randNum                  
0000cff8  randX                    
0000d004  initializePoint          
0000d00e  TimerA0_routine          
0000d014  __TI_ISR_TRAP            
0000d01a  __TI_decompress_rle24    
0000d020  _system_pre_init         
0000d024  C$$EXIT                  
0000d024  abort                    
0000d028  _nop                     
0000d02a  COSSCALE                 
0000d03a  TANANGLES                
0000d05e  __TI_Handler_Table_Base  
0000d064  __TI_Handler_Table_Limit 
0000d068  __TI_CINIT_Base          
0000d070  __TI_CINIT_Limit         
0000ffe0  __TI_int00               
0000ffe4  __TI_int02               
0000ffe6  __TI_int03               
0000ffea  __TI_int05               
0000ffec  __TI_int06               
0000ffee  __TI_int07               
0000fff0  __TI_int08               
0000fff2  __TI_int09               
0000fff4  __TI_int10               
0000fff6  __TI_int11               
0000fff8  __TI_int12               
0000fffa  __TI_int13               
0000fffc  __TI_int14               
0000fffe  _reset_vector            
ffffffff  __binit__                
ffffffff  __c_args__               
ffffffff  binit                    
UNDEFED   __TI_INITARRAY_Base      
UNDEFED   __TI_INITARRAY_Limit     

[257 symbols]
