<?xml version="1.0"?>
<link_info>
   <banner>MSP430 Linker PC v4.4.5</banner>
   <copyright>Copyright (c) 2003-2015 Texas Instruments Incorporated</copyright>
   <link_time>0x571d5075</link_time>
   <link_errors>0x0</link_errors>
   <output_file>FinalProject.out</output_file>
   <entry_point>
      <name>_c_int00_noargs_noexit</name>
      <address>0xca00</address>
   </entry_point>
   <input_file_list>
      <input_file id="fl-2">
         <path>.\</path>
         <kind>object</kind>
         <file>ADC.obj</file>
         <name>ADC.obj</name>
      </input_file>
      <input_file id="fl-3">
         <path>.\</path>
         <kind>object</kind>
         <file>CORDIC.obj</file>
         <name>CORDIC.obj</name>
      </input_file>
      <input_file id="fl-4">
         <path>.\</path>
         <kind>object</kind>
         <file>LEDDisplay.obj</file>
         <name>LEDDisplay.obj</name>
      </input_file>
      <input_file id="fl-5">
         <path>.\</path>
         <kind>object</kind>
         <file>PWM.obj</file>
         <name>PWM.obj</name>
      </input_file>
      <input_file id="fl-6">
         <path>.\</path>
         <kind>object</kind>
         <file>SPI.obj</file>
         <name>SPI.obj</name>
      </input_file>
      <input_file id="fl-7">
         <path>.\</path>
         <kind>object</kind>
         <file>TICom.obj</file>
         <name>TICom.obj</name>
      </input_file>
      <input_file id="fl-8">
         <path>.\</path>
         <kind>object</kind>
         <file>calibrate.obj</file>
         <name>calibrate.obj</name>
      </input_file>
      <input_file id="fl-9">
         <path>.\</path>
         <kind>object</kind>
         <file>debounce.obj</file>
         <name>debounce.obj</name>
      </input_file>
      <input_file id="fl-a">
         <path>.\</path>
         <kind>object</kind>
         <file>filter.obj</file>
         <name>filter.obj</name>
      </input_file>
      <input_file id="fl-b">
         <path>.\</path>
         <kind>object</kind>
         <file>main.obj</file>
         <name>main.obj</name>
      </input_file>
      <input_file id="fl-c">
         <path>.\</path>
         <kind>object</kind>
         <file>timerA.obj</file>
         <name>timerA.obj</name>
      </input_file>
      <input_file id="fl-3b">
         <path>C:\ti\ccsv6\tools\compiler\ti-cgt-msp430_4.4.5\lib\</path>
         <kind>archive</kind>
         <file>rts430_eabi.lib</file>
         <name>asr16.obj</name>
      </input_file>
      <input_file id="fl-3c">
         <path>C:\ti\ccsv6\tools\compiler\ti-cgt-msp430_4.4.5\lib\</path>
         <kind>archive</kind>
         <file>rts430_eabi.lib</file>
         <name>boot.obj</name>
      </input_file>
      <input_file id="fl-3d">
         <path>C:\ti\ccsv6\tools\compiler\ti-cgt-msp430_4.4.5\lib\</path>
         <kind>archive</kind>
         <file>rts430_eabi.lib</file>
         <name>boot_special.obj</name>
      </input_file>
      <input_file id="fl-3e">
         <path>C:\ti\ccsv6\tools\compiler\ti-cgt-msp430_4.4.5\lib\</path>
         <kind>archive</kind>
         <file>rts430_eabi.lib</file>
         <name>copy_decompress_none.obj</name>
      </input_file>
      <input_file id="fl-3f">
         <path>C:\ti\ccsv6\tools\compiler\ti-cgt-msp430_4.4.5\lib\</path>
         <kind>archive</kind>
         <file>rts430_eabi.lib</file>
         <name>copy_decompress_rle.obj</name>
      </input_file>
      <input_file id="fl-40">
         <path>C:\ti\ccsv6\tools\compiler\ti-cgt-msp430_4.4.5\lib\</path>
         <kind>archive</kind>
         <file>rts430_eabi.lib</file>
         <name>copy_zero_init.obj</name>
      </input_file>
      <input_file id="fl-41">
         <path>C:\ti\ccsv6\tools\compiler\ti-cgt-msp430_4.4.5\lib\</path>
         <kind>archive</kind>
         <file>rts430_eabi.lib</file>
         <name>epilog.obj</name>
      </input_file>
      <input_file id="fl-42">
         <path>C:\ti\ccsv6\tools\compiler\ti-cgt-msp430_4.4.5\lib\</path>
         <kind>archive</kind>
         <file>rts430_eabi.lib</file>
         <name>exit.obj</name>
      </input_file>
      <input_file id="fl-43">
         <path>C:\ti\ccsv6\tools\compiler\ti-cgt-msp430_4.4.5\lib\</path>
         <kind>archive</kind>
         <file>rts430_eabi.lib</file>
         <name>exit_gvars.obj</name>
      </input_file>
      <input_file id="fl-44">
         <path>C:\ti\ccsv6\tools\compiler\ti-cgt-msp430_4.4.5\lib\</path>
         <kind>archive</kind>
         <file>rts430_eabi.lib</file>
         <name>int00.obj</name>
      </input_file>
      <input_file id="fl-45">
         <path>C:\ti\ccsv6\tools\compiler\ti-cgt-msp430_4.4.5\lib\</path>
         <kind>archive</kind>
         <file>rts430_eabi.lib</file>
         <name>int02.obj</name>
      </input_file>
      <input_file id="fl-46">
         <path>C:\ti\ccsv6\tools\compiler\ti-cgt-msp430_4.4.5\lib\</path>
         <kind>archive</kind>
         <file>rts430_eabi.lib</file>
         <name>int03.obj</name>
      </input_file>
      <input_file id="fl-47">
         <path>C:\ti\ccsv6\tools\compiler\ti-cgt-msp430_4.4.5\lib\</path>
         <kind>archive</kind>
         <file>rts430_eabi.lib</file>
         <name>int05.obj</name>
      </input_file>
      <input_file id="fl-48">
         <path>C:\ti\ccsv6\tools\compiler\ti-cgt-msp430_4.4.5\lib\</path>
         <kind>archive</kind>
         <file>rts430_eabi.lib</file>
         <name>int06.obj</name>
      </input_file>
      <input_file id="fl-49">
         <path>C:\ti\ccsv6\tools\compiler\ti-cgt-msp430_4.4.5\lib\</path>
         <kind>archive</kind>
         <file>rts430_eabi.lib</file>
         <name>int07.obj</name>
      </input_file>
      <input_file id="fl-4a">
         <path>C:\ti\ccsv6\tools\compiler\ti-cgt-msp430_4.4.5\lib\</path>
         <kind>archive</kind>
         <file>rts430_eabi.lib</file>
         <name>int08.obj</name>
      </input_file>
      <input_file id="fl-4b">
         <path>C:\ti\ccsv6\tools\compiler\ti-cgt-msp430_4.4.5\lib\</path>
         <kind>archive</kind>
         <file>rts430_eabi.lib</file>
         <name>int10.obj</name>
      </input_file>
      <input_file id="fl-4c">
         <path>C:\ti\ccsv6\tools\compiler\ti-cgt-msp430_4.4.5\lib\</path>
         <kind>archive</kind>
         <file>rts430_eabi.lib</file>
         <name>int11.obj</name>
      </input_file>
      <input_file id="fl-4d">
         <path>C:\ti\ccsv6\tools\compiler\ti-cgt-msp430_4.4.5\lib\</path>
         <kind>archive</kind>
         <file>rts430_eabi.lib</file>
         <name>int12.obj</name>
      </input_file>
      <input_file id="fl-4e">
         <path>C:\ti\ccsv6\tools\compiler\ti-cgt-msp430_4.4.5\lib\</path>
         <kind>archive</kind>
         <file>rts430_eabi.lib</file>
         <name>int13.obj</name>
      </input_file>
      <input_file id="fl-4f">
         <path>C:\ti\ccsv6\tools\compiler\ti-cgt-msp430_4.4.5\lib\</path>
         <kind>archive</kind>
         <file>rts430_eabi.lib</file>
         <name>int14.obj</name>
      </input_file>
      <input_file id="fl-50">
         <path>C:\ti\ccsv6\tools\compiler\ti-cgt-msp430_4.4.5\lib\</path>
         <kind>archive</kind>
         <file>rts430_eabi.lib</file>
         <name>isr_trap.obj</name>
      </input_file>
      <input_file id="fl-51">
         <path>C:\ti\ccsv6\tools\compiler\ti-cgt-msp430_4.4.5\lib\</path>
         <kind>archive</kind>
         <file>rts430_eabi.lib</file>
         <name>lsl16.obj</name>
      </input_file>
      <input_file id="fl-52">
         <path>C:\ti\ccsv6\tools\compiler\ti-cgt-msp430_4.4.5\lib\</path>
         <kind>archive</kind>
         <file>rts430_eabi.lib</file>
         <name>lsr16.obj</name>
      </input_file>
      <input_file id="fl-53">
         <path>C:\ti\ccsv6\tools\compiler\ti-cgt-msp430_4.4.5\lib\</path>
         <kind>archive</kind>
         <file>rts430_eabi.lib</file>
         <name>memcpy.obj</name>
      </input_file>
      <input_file id="fl-54">
         <path>C:\ti\ccsv6\tools\compiler\ti-cgt-msp430_4.4.5\lib\</path>
         <kind>archive</kind>
         <file>rts430_eabi.lib</file>
         <name>mpu_init.obj</name>
      </input_file>
      <input_file id="fl-55">
         <path>C:\ti\ccsv6\tools\compiler\ti-cgt-msp430_4.4.5\lib\</path>
         <kind>archive</kind>
         <file>rts430_eabi.lib</file>
         <name>mult16.obj</name>
      </input_file>
      <input_file id="fl-56">
         <path>C:\ti\ccsv6\tools\compiler\ti-cgt-msp430_4.4.5\lib\</path>
         <kind>archive</kind>
         <file>rts430_eabi.lib</file>
         <name>pre_init.obj</name>
      </input_file>
      <input_file id="fl-57">
         <path>C:\ti\ccsv6\tools\compiler\ti-cgt-msp430_4.4.5\lib\</path>
         <kind>archive</kind>
         <file>rts430_eabi.lib</file>
         <name>_lock.obj</name>
      </input_file>
      <input_file id="fl-58">
         <path>C:\ti\ccsv6\tools\compiler\ti-cgt-msp430_4.4.5\lib\</path>
         <kind>archive</kind>
         <file>rts430_eabi.lib</file>
         <name>args_main.obj</name>
      </input_file>
      <input_file id="fl-59">
         <path>C:\ti\ccsv6\tools\compiler\ti-cgt-msp430_4.4.5\lib\</path>
         <kind>archive</kind>
         <file>rts430_eabi.lib</file>
         <name>autoinit.obj</name>
      </input_file>
   </input_file_list>
   <object_component_list>
      <object_component id="oc-14e">
         <name>.common:calibratedZero</name>
         <uninitialized>true</uninitialized>
         <run_address>0x268</run_address>
         <size>0x6</size>
      </object_component>
      <object_component id="oc-1aa">
         <name>.common:gPushButton</name>
         <uninitialized>true</uninitialized>
         <run_address>0x230</run_address>
         <size>0x16</size>
      </object_component>
      <object_component id="oc-10f">
         <name>.common:g250usTimer</name>
         <uninitialized>true</uninitialized>
         <run_address>0x286</run_address>
         <size>0x2</size>
      </object_component>
      <object_component id="oc-19f">
         <name>.common:bufferPointer</name>
         <uninitialized>true</uninitialized>
         <run_address>0x284</run_address>
         <size>0x2</size>
      </object_component>
      <object_component id="oc-1a5">
         <name>.common:circularBuffer</name>
         <uninitialized>true</uninitialized>
         <run_address>0x200</run_address>
         <size>0x30</size>
      </object_component>
      <object_component id="oc-1a6">
         <name>.common:runningSum</name>
         <uninitialized>true</uninitialized>
         <run_address>0x26e</run_address>
         <size>0x6</size>
      </object_component>
      <object_component id="oc-14d">
         <name>.common:average</name>
         <uninitialized>true</uninitialized>
         <run_address>0x256</run_address>
         <size>0x6</size>
      </object_component>
      <object_component id="oc-1a7">
         <name>.common:sample</name>
         <uninitialized>true</uninitialized>
         <run_address>0x274</run_address>
         <size>0x6</size>
      </object_component>
      <object_component id="oc-1a8">
         <name>.common:calibratedMAX</name>
         <uninitialized>true</uninitialized>
         <run_address>0x25c</run_address>
         <size>0x6</size>
      </object_component>
      <object_component id="oc-1a9">
         <name>.common:calibratedMIN</name>
         <uninitialized>true</uninitialized>
         <run_address>0x262</run_address>
         <size>0x6</size>
      </object_component>
      <object_component id="oc-151">
         <name>.common:xyzCoordinates</name>
         <uninitialized>true</uninitialized>
         <run_address>0x27a</run_address>
         <size>0x6</size>
      </object_component>
      <object_component id="oc-158">
         <name>.common:angles</name>
         <uninitialized>true</uninitialized>
         <run_address>0x280</run_address>
         <size>0x4</size>
      </object_component>
      <object_component id="oc-15f">
         <name>.common:DisplayPWM</name>
         <uninitialized>true</uninitialized>
         <run_address>0x246</run_address>
         <size>0x10</size>
      </object_component>
      <object_component id="oc-8d">
         <name>.stack</name>
         <uninitialized>true</uninitialized>
         <run_address>0x3b0</run_address>
         <size>0x2</size>
         <input_file_ref idref="fl-3c"/>
      </object_component>
      <object_component id="oc-278">
         <name>.stack</name>
         <uninitialized>true</uninitialized>
         <run_address>0x3b0</run_address>
         <size>0x0</size>
      </object_component>
      <object_component id="oc-1ee">
         <name>.text:PWMWaitTime</name>
         <load_address>0xc000</load_address>
         <run_address>0xc000</run_address>
         <size>0x12c</size>
         <input_file_ref idref="fl-5"/>
      </object_component>
      <object_component id="oc-159">
         <name>.text:getDisplaySetting</name>
         <load_address>0xc12c</load_address>
         <run_address>0xc12c</run_address>
         <size>0x108</size>
         <input_file_ref idref="fl-3"/>
      </object_component>
      <object_component id="oc-1f4">
         <name>.text:PointDirection</name>
         <load_address>0xc234</load_address>
         <run_address>0xc234</run_address>
         <size>0x100</size>
         <input_file_ref idref="fl-5"/>
      </object_component>
      <object_component id="oc-13b">
         <name>.text:InitializeGlobalVariables</name>
         <load_address>0xc334</load_address>
         <run_address>0xc334</run_address>
         <size>0xd8</size>
         <input_file_ref idref="fl-b"/>
      </object_component>
      <object_component id="oc-141">
         <name>.text:Calibrate</name>
         <load_address>0xc40c</load_address>
         <run_address>0xc40c</run_address>
         <size>0xce</size>
         <input_file_ref idref="fl-8"/>
      </object_component>
      <object_component id="oc-160">
         <name>.text:PWM</name>
         <load_address>0xc4da</load_address>
         <run_address>0xc4da</run_address>
         <size>0xc8</size>
         <input_file_ref idref="fl-5"/>
      </object_component>
      <object_component id="oc-1cb">
         <name>.text:filter</name>
         <load_address>0xc5a2</load_address>
         <run_address>0xc5a2</run_address>
         <size>0x8e</size>
         <input_file_ref idref="fl-a"/>
      </object_component>
      <object_component id="oc-1e1">
         <name>.text:findQuadrantAngle</name>
         <load_address>0xc630</load_address>
         <run_address>0xc630</run_address>
         <size>0x8e</size>
         <input_file_ref idref="fl-3"/>
      </object_component>
      <object_component id="oc-20d">
         <name>.text:Debouncer</name>
         <load_address>0xc6be</load_address>
         <run_address>0xc6be</run_address>
         <size>0x8a</size>
         <input_file_ref idref="fl-9"/>
      </object_component>
      <object_component id="oc-1ab">
         <name>.text:InitializeSwitch</name>
         <load_address>0xc748</load_address>
         <run_address>0xc748</run_address>
         <size>0x6a</size>
         <input_file_ref idref="fl-9"/>
      </object_component>
      <object_component id="oc-dd">
         <name>.text:main</name>
         <load_address>0xc7b2</load_address>
         <run_address>0xc7b2</run_address>
         <size>0x5e</size>
         <input_file_ref idref="fl-b"/>
      </object_component>
      <object_component id="oc-c3">
         <name>.text:_auto_init</name>
         <load_address>0xc810</load_address>
         <run_address>0xc810</run_address>
         <size>0x58</size>
         <input_file_ref idref="fl-59"/>
      </object_component>
      <object_component id="oc-214">
         <name>.text</name>
         <load_address>0xc868</load_address>
         <run_address>0xc868</run_address>
         <size>0x4c</size>
         <input_file_ref idref="fl-52"/>
      </object_component>
      <object_component id="oc-206">
         <name>.text:SPISendByte</name>
         <load_address>0xc8b4</load_address>
         <run_address>0xc8b4</run_address>
         <size>0x30</size>
         <input_file_ref idref="fl-6"/>
      </object_component>
      <object_component id="oc-135">
         <name>.text:ConfigureSPI</name>
         <load_address>0xc8e4</load_address>
         <run_address>0xc8e4</run_address>
         <size>0x2e</size>
         <input_file_ref idref="fl-6"/>
      </object_component>
      <object_component id="oc-12f">
         <name>.text:ConfigureADC</name>
         <load_address>0xc912</load_address>
         <run_address>0xc912</run_address>
         <size>0x2c</size>
         <input_file_ref idref="fl-2"/>
      </object_component>
      <object_component id="oc-21e">
         <name>.text</name>
         <load_address>0xc93e</load_address>
         <run_address>0xc93e</run_address>
         <size>0x2c</size>
         <input_file_ref idref="fl-3b"/>
      </object_component>
      <object_component id="oc-1a0">
         <name>.text</name>
         <load_address>0xc96a</load_address>
         <run_address>0xc96a</run_address>
         <size>0x2c</size>
         <input_file_ref idref="fl-51"/>
      </object_component>
      <object_component id="oc-1db">
         <name>.text:getQuad</name>
         <load_address>0xc996</load_address>
         <run_address>0xc996</run_address>
         <size>0x2a</size>
         <input_file_ref idref="fl-3"/>
      </object_component>
      <object_component id="oc-1e7">
         <name>.text:findTotalAngle</name>
         <load_address>0xc9c0</load_address>
         <run_address>0xc9c0</run_address>
         <size>0x26</size>
         <input_file_ref idref="fl-3"/>
      </object_component>
      <object_component id="oc-1c4">
         <name>.text:WaitButtonPress</name>
         <load_address>0xc9e6</load_address>
         <run_address>0xc9e6</run_address>
         <size>0x1a</size>
         <input_file_ref idref="fl-8"/>
      </object_component>
      <object_component id="oc-69">
         <name>.text:_c_int00_noargs_noexit</name>
         <load_address>0xca00</load_address>
         <run_address>0xca00</run_address>
         <size>0x1a</size>
         <input_file_ref idref="fl-3d"/>
      </object_component>
      <object_component id="oc-147">
         <name>.text:GetSamples</name>
         <load_address>0xca1a</load_address>
         <run_address>0xca1a</run_address>
         <size>0x18</size>
         <input_file_ref idref="fl-2"/>
      </object_component>
      <object_component id="oc-1b8">
         <name>.text:GetFilteredSample</name>
         <load_address>0xca32</load_address>
         <run_address>0xca32</run_address>
         <size>0x16</size>
         <input_file_ref idref="fl-2"/>
      </object_component>
      <object_component id="oc-232">
         <name>.text:GetSwitch</name>
         <load_address>0xca48</load_address>
         <run_address>0xca48</run_address>
         <size>0x16</size>
         <input_file_ref idref="fl-9"/>
      </object_component>
      <object_component id="oc-1b2">
         <name>.text:ConfigureTimerA</name>
         <load_address>0xca5e</load_address>
         <run_address>0xca5e</run_address>
         <size>0x14</size>
         <input_file_ref idref="fl-c"/>
      </object_component>
      <object_component id="oc-4b">
         <name>.text:decompress:ZI:__TI_zero_init</name>
         <load_address>0xca72</load_address>
         <run_address>0xca72</run_address>
         <size>0x14</size>
         <input_file_ref idref="fl-40"/>
      </object_component>
      <object_component id="oc-1d6">
         <name>.text</name>
         <load_address>0xca86</load_address>
         <run_address>0xca86</run_address>
         <size>0x14</size>
         <input_file_ref idref="fl-55"/>
      </object_component>
      <object_component id="oc-106">
         <name>.text</name>
         <load_address>0xca9a</load_address>
         <run_address>0xca9a</run_address>
         <size>0x10</size>
         <input_file_ref idref="fl-41"/>
      </object_component>
      <object_component id="oc-129">
         <name>.text:ConfigureClockModule</name>
         <load_address>0xcaaa</load_address>
         <run_address>0xcaaa</run_address>
         <size>0xe</size>
         <input_file_ref idref="fl-b"/>
      </object_component>
      <object_component id="oc-1be">
         <name>.text:UpdateLEDDisplay</name>
         <load_address>0xcab8</load_address>
         <run_address>0xcab8</run_address>
         <size>0xe</size>
         <input_file_ref idref="fl-4"/>
      </object_component>
      <object_component id="oc-152">
         <name>.text:setCoordinates</name>
         <load_address>0xcac6</load_address>
         <run_address>0xcac6</run_address>
         <size>0xe</size>
         <input_file_ref idref="fl-3"/>
      </object_component>
      <object_component id="oc-b0">
         <name>.text:TimerA0_routine</name>
         <load_address>0xcad4</load_address>
         <run_address>0xcad4</run_address>
         <size>0x6</size>
         <input_file_ref idref="fl-c"/>
      </object_component>
      <object_component id="oc-ab">
         <name>.text:_isr:__TI_ISR_TRAP</name>
         <load_address>0xcada</load_address>
         <run_address>0xcada</run_address>
         <size>0x6</size>
         <input_file_ref idref="fl-50"/>
      </object_component>
      <object_component id="oc-bd">
         <name>.text:_system_pre_init</name>
         <load_address>0xcae0</load_address>
         <run_address>0xcae0</run_address>
         <size>0x4</size>
         <input_file_ref idref="fl-56"/>
      </object_component>
      <object_component id="oc-e5">
         <name>.text:abort</name>
         <load_address>0xcae4</load_address>
         <run_address>0xcae4</run_address>
         <size>0x4</size>
         <input_file_ref idref="fl-42"/>
      </object_component>
      <object_component id="oc-277">
         <name>.cinit..bss.load</name>
         <load_address>0xcb08</load_address>
         <run_address>0xcb08</run_address>
         <size>0x4</size>
      </object_component>
      <object_component id="oc-275">
         <name>__TI_handler_table</name>
         <load_address>0xcb0c</load_address>
         <run_address>0xcb0c</run_address>
         <size>0x2</size>
      </object_component>
      <object_component id="oc-276">
         <name>__TI_cinit_table</name>
         <load_address>0xcb0e</load_address>
         <run_address>0xcb0e</run_address>
         <size>0x4</size>
      </object_component>
      <object_component id="oc-226">
         <name>.const:COSSCALE</name>
         <load_address>0xcae8</load_address>
         <run_address>0xcae8</run_address>
         <size>0x10</size>
         <input_file_ref idref="fl-3"/>
      </object_component>
      <object_component id="oc-223">
         <name>.const:TANANGLES</name>
         <load_address>0xcaf8</load_address>
         <run_address>0xcaf8</run_address>
         <size>0x10</size>
         <input_file_ref idref="fl-3"/>
      </object_component>
      <object_component id="oc-3e">
         <name>.int00</name>
         <load_address>0xffe0</load_address>
         <run_address>0xffe0</run_address>
         <size>0x2</size>
         <input_file_ref idref="fl-44"/>
      </object_component>
      <object_component id="oc-3f">
         <name>.int02</name>
         <load_address>0xffe4</load_address>
         <run_address>0xffe4</run_address>
         <size>0x2</size>
         <input_file_ref idref="fl-45"/>
      </object_component>
      <object_component id="oc-40">
         <name>.int03</name>
         <load_address>0xffe6</load_address>
         <run_address>0xffe6</run_address>
         <size>0x2</size>
         <input_file_ref idref="fl-46"/>
      </object_component>
      <object_component id="oc-41">
         <name>.int05</name>
         <load_address>0xffea</load_address>
         <run_address>0xffea</run_address>
         <size>0x2</size>
         <input_file_ref idref="fl-47"/>
      </object_component>
      <object_component id="oc-42">
         <name>.int06</name>
         <load_address>0xffec</load_address>
         <run_address>0xffec</run_address>
         <size>0x2</size>
         <input_file_ref idref="fl-48"/>
      </object_component>
      <object_component id="oc-43">
         <name>.int07</name>
         <load_address>0xffee</load_address>
         <run_address>0xffee</run_address>
         <size>0x2</size>
         <input_file_ref idref="fl-49"/>
      </object_component>
      <object_component id="oc-44">
         <name>.int08</name>
         <load_address>0xfff0</load_address>
         <run_address>0xfff0</run_address>
         <size>0x2</size>
         <input_file_ref idref="fl-4a"/>
      </object_component>
      <object_component id="oc-45">
         <name>.int09</name>
         <load_address>0xfff2</load_address>
         <run_address>0xfff2</run_address>
         <size>0x2</size>
         <input_file_ref idref="fl-c"/>
      </object_component>
      <object_component id="oc-46">
         <name>.int10</name>
         <load_address>0xfff4</load_address>
         <run_address>0xfff4</run_address>
         <size>0x2</size>
         <input_file_ref idref="fl-4b"/>
      </object_component>
      <object_component id="oc-47">
         <name>.int11</name>
         <load_address>0xfff6</load_address>
         <run_address>0xfff6</run_address>
         <size>0x2</size>
         <input_file_ref idref="fl-4c"/>
      </object_component>
      <object_component id="oc-48">
         <name>.int12</name>
         <load_address>0xfff8</load_address>
         <run_address>0xfff8</run_address>
         <size>0x2</size>
         <input_file_ref idref="fl-4d"/>
      </object_component>
      <object_component id="oc-49">
         <name>.int13</name>
         <load_address>0xfffa</load_address>
         <run_address>0xfffa</run_address>
         <size>0x2</size>
         <input_file_ref idref="fl-4e"/>
      </object_component>
      <object_component id="oc-4a">
         <name>.int14</name>
         <load_address>0xfffc</load_address>
         <run_address>0xfffc</run_address>
         <size>0x2</size>
         <input_file_ref idref="fl-4f"/>
      </object_component>
      <object_component id="oc-90">
         <name>.reset</name>
         <load_address>0xfffe</load_address>
         <run_address>0xfffe</run_address>
         <size>0x2</size>
         <input_file_ref idref="fl-3c"/>
      </object_component>
      <object_component id="oc-130">
         <name>.debug_info</name>
         <load_address>0x0</load_address>
         <run_address>0x0</run_address>
         <size>0x121</size>
         <input_file_ref idref="fl-2"/>
      </object_component>
      <object_component id="oc-148">
         <name>.debug_info</name>
         <load_address>0x121</load_address>
         <run_address>0x121</run_address>
         <size>0x12a</size>
         <input_file_ref idref="fl-2"/>
      </object_component>
      <object_component id="oc-1b9">
         <name>.debug_info</name>
         <load_address>0x24b</load_address>
         <run_address>0x24b</run_address>
         <size>0x147</size>
         <input_file_ref idref="fl-2"/>
      </object_component>
      <object_component id="oc-f3">
         <name>.debug_info</name>
         <load_address>0x392</load_address>
         <run_address>0x392</run_address>
         <size>0x84</size>
         <input_file_ref idref="fl-2"/>
      </object_component>
      <object_component id="oc-1d5">
         <name>.debug_info</name>
         <load_address>0x416</load_address>
         <run_address>0x416</run_address>
         <size>0x164</size>
         <input_file_ref idref="fl-3"/>
      </object_component>
      <object_component id="oc-224">
         <name>.debug_info</name>
         <load_address>0x57a</load_address>
         <run_address>0x57a</run_address>
         <size>0xf6</size>
         <input_file_ref idref="fl-3"/>
      </object_component>
      <object_component id="oc-227">
         <name>.debug_info</name>
         <load_address>0x670</load_address>
         <run_address>0x670</run_address>
         <size>0xf4</size>
         <input_file_ref idref="fl-3"/>
      </object_component>
      <object_component id="oc-153">
         <name>.debug_info</name>
         <load_address>0x764</load_address>
         <run_address>0x764</run_address>
         <size>0x1ae</size>
         <input_file_ref idref="fl-3"/>
      </object_component>
      <object_component id="oc-15a">
         <name>.debug_info</name>
         <load_address>0x912</load_address>
         <run_address>0x912</run_address>
         <size>0x2a4</size>
         <input_file_ref idref="fl-3"/>
      </object_component>
      <object_component id="oc-1e2">
         <name>.debug_info</name>
         <load_address>0xbb6</load_address>
         <run_address>0xbb6</run_address>
         <size>0x21a</size>
         <input_file_ref idref="fl-3"/>
      </object_component>
      <object_component id="oc-1dc">
         <name>.debug_info</name>
         <load_address>0xdd0</load_address>
         <run_address>0xdd0</run_address>
         <size>0x150</size>
         <input_file_ref idref="fl-3"/>
      </object_component>
      <object_component id="oc-1e8">
         <name>.debug_info</name>
         <load_address>0xf20</load_address>
         <run_address>0xf20</run_address>
         <size>0x18a</size>
         <input_file_ref idref="fl-3"/>
      </object_component>
      <object_component id="oc-16d">
         <name>.debug_info</name>
         <load_address>0x10aa</load_address>
         <run_address>0x10aa</run_address>
         <size>0x12b</size>
         <input_file_ref idref="fl-3"/>
      </object_component>
      <object_component id="oc-1c2">
         <name>.debug_info</name>
         <load_address>0x11d5</load_address>
         <run_address>0x11d5</run_address>
         <size>0x161</size>
         <input_file_ref idref="fl-4"/>
      </object_component>
      <object_component id="oc-172">
         <name>.debug_info</name>
         <load_address>0x1336</load_address>
         <run_address>0x1336</run_address>
         <size>0x137</size>
         <input_file_ref idref="fl-4"/>
      </object_component>
      <object_component id="oc-1fb">
         <name>.debug_info</name>
         <load_address>0x146d</load_address>
         <run_address>0x146d</run_address>
         <size>0x1a8</size>
         <input_file_ref idref="fl-5"/>
      </object_component>
      <object_component id="oc-1ef">
         <name>.debug_info</name>
         <load_address>0x1615</load_address>
         <run_address>0x1615</run_address>
         <size>0x17c</size>
         <input_file_ref idref="fl-5"/>
      </object_component>
      <object_component id="oc-1f5">
         <name>.debug_info</name>
         <load_address>0x1791</load_address>
         <run_address>0x1791</run_address>
         <size>0x198</size>
         <input_file_ref idref="fl-5"/>
      </object_component>
      <object_component id="oc-161">
         <name>.debug_info</name>
         <load_address>0x1929</load_address>
         <run_address>0x1929</run_address>
         <size>0x248</size>
         <input_file_ref idref="fl-5"/>
      </object_component>
      <object_component id="oc-138">
         <name>.debug_info</name>
         <load_address>0x1b71</load_address>
         <run_address>0x1b71</run_address>
         <size>0x121</size>
         <input_file_ref idref="fl-6"/>
      </object_component>
      <object_component id="oc-20a">
         <name>.debug_info</name>
         <load_address>0x1c92</load_address>
         <run_address>0x1c92</run_address>
         <size>0x164</size>
         <input_file_ref idref="fl-6"/>
      </object_component>
      <object_component id="oc-14f">
         <name>.debug_info</name>
         <load_address>0x1df6</load_address>
         <run_address>0x1df6</run_address>
         <size>0x2d4</size>
         <input_file_ref idref="fl-8"/>
      </object_component>
      <object_component id="oc-142">
         <name>.debug_info</name>
         <load_address>0x20ca</load_address>
         <run_address>0x20ca</run_address>
         <size>0x394</size>
         <input_file_ref idref="fl-8"/>
      </object_component>
      <object_component id="oc-1c6">
         <name>.debug_info</name>
         <load_address>0x245e</load_address>
         <run_address>0x245e</run_address>
         <size>0x159</size>
         <input_file_ref idref="fl-8"/>
      </object_component>
      <object_component id="oc-177">
         <name>.debug_info</name>
         <load_address>0x25b7</load_address>
         <run_address>0x25b7</run_address>
         <size>0x176</size>
         <input_file_ref idref="fl-8"/>
      </object_component>
      <object_component id="oc-203">
         <name>.debug_info</name>
         <load_address>0x272d</load_address>
         <run_address>0x272d</run_address>
         <size>0x175</size>
         <input_file_ref idref="fl-9"/>
      </object_component>
      <object_component id="oc-1ae">
         <name>.debug_info</name>
         <load_address>0x28a2</load_address>
         <run_address>0x28a2</run_address>
         <size>0x38f</size>
         <input_file_ref idref="fl-9"/>
      </object_component>
      <object_component id="oc-235">
         <name>.debug_info</name>
         <load_address>0x2c31</load_address>
         <run_address>0x2c31</run_address>
         <size>0x158</size>
         <input_file_ref idref="fl-9"/>
      </object_component>
      <object_component id="oc-210">
         <name>.debug_info</name>
         <load_address>0x2d89</load_address>
         <run_address>0x2d89</run_address>
         <size>0x204</size>
         <input_file_ref idref="fl-9"/>
      </object_component>
      <object_component id="oc-1cf">
         <name>.debug_info</name>
         <load_address>0x2f8d</load_address>
         <run_address>0x2f8d</run_address>
         <size>0x160</size>
         <input_file_ref idref="fl-a"/>
      </object_component>
      <object_component id="oc-110">
         <name>.debug_info</name>
         <load_address>0x30ed</load_address>
         <run_address>0x30ed</run_address>
         <size>0x649</size>
         <input_file_ref idref="fl-b"/>
      </object_component>
      <object_component id="oc-df">
         <name>.debug_info</name>
         <load_address>0x3736</load_address>
         <run_address>0x3736</run_address>
         <size>0x1e1</size>
         <input_file_ref idref="fl-b"/>
      </object_component>
      <object_component id="oc-12b">
         <name>.debug_info</name>
         <load_address>0x3917</load_address>
         <run_address>0x3917</run_address>
         <size>0x134</size>
         <input_file_ref idref="fl-b"/>
      </object_component>
      <object_component id="oc-13d">
         <name>.debug_info</name>
         <load_address>0x3a4b</load_address>
         <run_address>0x3a4b</run_address>
         <size>0x196</size>
         <input_file_ref idref="fl-b"/>
      </object_component>
      <object_component id="oc-1b3">
         <name>.debug_info</name>
         <load_address>0x3be1</load_address>
         <run_address>0x3be1</run_address>
         <size>0x130</size>
         <input_file_ref idref="fl-c"/>
      </object_component>
      <object_component id="oc-b3">
         <name>.debug_info</name>
         <load_address>0x3d11</load_address>
         <run_address>0x3d11</run_address>
         <size>0x131</size>
         <input_file_ref idref="fl-c"/>
      </object_component>
      <object_component id="oc-220">
         <name>.debug_info</name>
         <load_address>0x3e42</load_address>
         <run_address>0x3e42</run_address>
         <size>0xfd</size>
         <input_file_ref idref="fl-3b"/>
      </object_component>
      <object_component id="oc-8e">
         <name>.debug_info</name>
         <load_address>0x3f3f</load_address>
         <run_address>0x3f3f</run_address>
         <size>0xd6</size>
         <input_file_ref idref="fl-3c"/>
      </object_component>
      <object_component id="oc-6a">
         <name>.debug_info</name>
         <load_address>0x4015</load_address>
         <run_address>0x4015</run_address>
         <size>0x177</size>
         <input_file_ref idref="fl-3d"/>
      </object_component>
      <object_component id="oc-bc">
         <name>.debug_info</name>
         <load_address>0x418c</load_address>
         <run_address>0x418c</run_address>
         <size>0x14b</size>
         <input_file_ref idref="fl-40"/>
      </object_component>
      <object_component id="oc-4e">
         <name>.debug_info</name>
         <load_address>0x42d7</load_address>
         <run_address>0x42d7</run_address>
         <size>0x196</size>
         <input_file_ref idref="fl-40"/>
      </object_component>
      <object_component id="oc-b7">
         <name>.debug_info</name>
         <load_address>0x446d</load_address>
         <run_address>0x446d</run_address>
         <size>0x46</size>
         <input_file_ref idref="fl-40"/>
      </object_component>
      <object_component id="oc-fa">
         <name>.debug_info</name>
         <load_address>0x44b3</load_address>
         <run_address>0x44b3</run_address>
         <size>0x2c</size>
         <input_file_ref idref="fl-40"/>
      </object_component>
      <object_component id="oc-107">
         <name>.debug_info</name>
         <load_address>0x44df</load_address>
         <run_address>0x44df</run_address>
         <size>0x10b</size>
         <input_file_ref idref="fl-41"/>
      </object_component>
      <object_component id="oc-e8">
         <name>.debug_info</name>
         <load_address>0x45ea</load_address>
         <run_address>0x45ea</run_address>
         <size>0xf8</size>
         <input_file_ref idref="fl-42"/>
      </object_component>
      <object_component id="oc-ad">
         <name>.debug_info</name>
         <load_address>0x46e2</load_address>
         <run_address>0x46e2</run_address>
         <size>0xec</size>
         <input_file_ref idref="fl-50"/>
      </object_component>
      <object_component id="oc-1a1">
         <name>.debug_info</name>
         <load_address>0x47ce</load_address>
         <run_address>0x47ce</run_address>
         <size>0xfd</size>
         <input_file_ref idref="fl-51"/>
      </object_component>
      <object_component id="oc-215">
         <name>.debug_info</name>
         <load_address>0x48cb</load_address>
         <run_address>0x48cb</run_address>
         <size>0xfd</size>
         <input_file_ref idref="fl-52"/>
      </object_component>
      <object_component id="oc-1d7">
         <name>.debug_info</name>
         <load_address>0x49c8</load_address>
         <run_address>0x49c8</run_address>
         <size>0xfe</size>
         <input_file_ref idref="fl-55"/>
      </object_component>
      <object_component id="oc-be">
         <name>.debug_info</name>
         <load_address>0x4ac6</load_address>
         <run_address>0x4ac6</run_address>
         <size>0x129</size>
         <input_file_ref idref="fl-56"/>
      </object_component>
      <object_component id="oc-117">
         <name>.debug_info</name>
         <load_address>0x4bef</load_address>
         <run_address>0x4bef</run_address>
         <size>0x2ca</size>
         <input_file_ref idref="fl-59"/>
      </object_component>
      <object_component id="oc-c4">
         <name>.debug_info</name>
         <load_address>0x4eb9</load_address>
         <run_address>0x4eb9</run_address>
         <size>0x17c</size>
         <input_file_ref idref="fl-59"/>
      </object_component>
      <object_component id="oc-17e">
         <name>.debug_info</name>
         <load_address>0x5035</load_address>
         <run_address>0x5035</run_address>
         <size>0x39</size>
         <input_file_ref idref="fl-59"/>
      </object_component>
      <object_component id="oc-279">
         <name>.debug_info</name>
         <load_address>0x506e</load_address>
         <run_address>0x506e</run_address>
         <size>0xc8</size>
      </object_component>
      <object_component id="oc-133">
         <name>.debug_line</name>
         <load_address>0x0</load_address>
         <run_address>0x0</run_address>
         <size>0x44</size>
         <input_file_ref idref="fl-2"/>
      </object_component>
      <object_component id="oc-14b">
         <name>.debug_line</name>
         <load_address>0x44</load_address>
         <run_address>0x44</run_address>
         <size>0x42</size>
         <input_file_ref idref="fl-2"/>
      </object_component>
      <object_component id="oc-1bc">
         <name>.debug_line</name>
         <load_address>0x86</load_address>
         <run_address>0x86</run_address>
         <size>0x45</size>
         <input_file_ref idref="fl-2"/>
      </object_component>
      <object_component id="oc-f6">
         <name>.debug_line</name>
         <load_address>0xcb</load_address>
         <run_address>0xcb</run_address>
         <size>0x20</size>
         <input_file_ref idref="fl-2"/>
      </object_component>
      <object_component id="oc-21b">
         <name>.debug_line</name>
         <load_address>0xeb</load_address>
         <run_address>0xeb</run_address>
         <size>0x20</size>
         <input_file_ref idref="fl-3"/>
      </object_component>
      <object_component id="oc-23c">
         <name>.debug_line</name>
         <load_address>0x10b</load_address>
         <run_address>0x10b</run_address>
         <size>0x2f</size>
         <input_file_ref idref="fl-3"/>
      </object_component>
      <object_component id="oc-23e">
         <name>.debug_line</name>
         <load_address>0x13a</load_address>
         <run_address>0x13a</run_address>
         <size>0x2f</size>
         <input_file_ref idref="fl-3"/>
      </object_component>
      <object_component id="oc-156">
         <name>.debug_line</name>
         <load_address>0x169</load_address>
         <run_address>0x169</run_address>
         <size>0x44</size>
         <input_file_ref idref="fl-3"/>
      </object_component>
      <object_component id="oc-15d">
         <name>.debug_line</name>
         <load_address>0x1ad</load_address>
         <run_address>0x1ad</run_address>
         <size>0x91</size>
         <input_file_ref idref="fl-3"/>
      </object_component>
      <object_component id="oc-1e6">
         <name>.debug_line</name>
         <load_address>0x23e</load_address>
         <run_address>0x23e</run_address>
         <size>0x6f</size>
         <input_file_ref idref="fl-3"/>
      </object_component>
      <object_component id="oc-1e0">
         <name>.debug_line</name>
         <load_address>0x2ad</load_address>
         <run_address>0x2ad</run_address>
         <size>0x45</size>
         <input_file_ref idref="fl-3"/>
      </object_component>
      <object_component id="oc-1ec">
         <name>.debug_line</name>
         <load_address>0x2f2</load_address>
         <run_address>0x2f2</run_address>
         <size>0x45</size>
         <input_file_ref idref="fl-3"/>
      </object_component>
      <object_component id="oc-170">
         <name>.debug_line</name>
         <load_address>0x337</load_address>
         <run_address>0x337</run_address>
         <size>0x2f</size>
         <input_file_ref idref="fl-3"/>
      </object_component>
      <object_component id="oc-1c0">
         <name>.debug_line</name>
         <load_address>0x366</load_address>
         <run_address>0x366</run_address>
         <size>0x48</size>
         <input_file_ref idref="fl-4"/>
      </object_component>
      <object_component id="oc-175">
         <name>.debug_line</name>
         <load_address>0x3ae</load_address>
         <run_address>0x3ae</run_address>
         <size>0x2c</size>
         <input_file_ref idref="fl-4"/>
      </object_component>
      <object_component id="oc-22e">
         <name>.debug_line</name>
         <load_address>0x3da</load_address>
         <run_address>0x3da</run_address>
         <size>0x3f</size>
         <input_file_ref idref="fl-5"/>
      </object_component>
      <object_component id="oc-1f3">
         <name>.debug_line</name>
         <load_address>0x419</load_address>
         <run_address>0x419</run_address>
         <size>0x86</size>
         <input_file_ref idref="fl-5"/>
      </object_component>
      <object_component id="oc-1f8">
         <name>.debug_line</name>
         <load_address>0x49f</load_address>
         <run_address>0x49f</run_address>
         <size>0x94</size>
         <input_file_ref idref="fl-5"/>
      </object_component>
      <object_component id="oc-165">
         <name>.debug_line</name>
         <load_address>0x533</load_address>
         <run_address>0x533</run_address>
         <size>0xa9</size>
         <input_file_ref idref="fl-5"/>
      </object_component>
      <object_component id="oc-137">
         <name>.debug_line</name>
         <load_address>0x5dc</load_address>
         <run_address>0x5dc</run_address>
         <size>0x46</size>
         <input_file_ref idref="fl-6"/>
      </object_component>
      <object_component id="oc-209">
         <name>.debug_line</name>
         <load_address>0x622</load_address>
         <run_address>0x622</run_address>
         <size>0x4e</size>
         <input_file_ref idref="fl-6"/>
      </object_component>
      <object_component id="oc-1d3">
         <name>.debug_line</name>
         <load_address>0x670</load_address>
         <run_address>0x670</run_address>
         <size>0x71</size>
         <input_file_ref idref="fl-8"/>
      </object_component>
      <object_component id="oc-145">
         <name>.debug_line</name>
         <load_address>0x6e1</load_address>
         <run_address>0x6e1</run_address>
         <size>0x6f</size>
         <input_file_ref idref="fl-8"/>
      </object_component>
      <object_component id="oc-1c9">
         <name>.debug_line</name>
         <load_address>0x750</load_address>
         <run_address>0x750</run_address>
         <size>0x49</size>
         <input_file_ref idref="fl-8"/>
      </object_component>
      <object_component id="oc-17a">
         <name>.debug_line</name>
         <load_address>0x799</load_address>
         <run_address>0x799</run_address>
         <size>0x31</size>
         <input_file_ref idref="fl-8"/>
      </object_component>
      <object_component id="oc-230">
         <name>.debug_line</name>
         <load_address>0x7ca</load_address>
         <run_address>0x7ca</run_address>
         <size>0x31</size>
         <input_file_ref idref="fl-9"/>
      </object_component>
      <object_component id="oc-1ac">
         <name>.debug_line</name>
         <load_address>0x7fb</load_address>
         <run_address>0x7fb</run_address>
         <size>0x57</size>
         <input_file_ref idref="fl-9"/>
      </object_component>
      <object_component id="oc-233">
         <name>.debug_line</name>
         <load_address>0x852</load_address>
         <run_address>0x852</run_address>
         <size>0x46</size>
         <input_file_ref idref="fl-9"/>
      </object_component>
      <object_component id="oc-20e">
         <name>.debug_line</name>
         <load_address>0x898</load_address>
         <run_address>0x898</run_address>
         <size>0x8f</size>
         <input_file_ref idref="fl-9"/>
      </object_component>
      <object_component id="oc-1cd">
         <name>.debug_line</name>
         <load_address>0x927</load_address>
         <run_address>0x927</run_address>
         <size>0x4e</size>
         <input_file_ref idref="fl-a"/>
      </object_component>
      <object_component id="oc-16c">
         <name>.debug_line</name>
         <load_address>0x975</load_address>
         <run_address>0x975</run_address>
         <size>0x112</size>
         <input_file_ref idref="fl-b"/>
      </object_component>
      <object_component id="oc-e2">
         <name>.debug_line</name>
         <load_address>0xa87</load_address>
         <run_address>0xa87</run_address>
         <size>0x53</size>
         <input_file_ref idref="fl-b"/>
      </object_component>
      <object_component id="oc-12e">
         <name>.debug_line</name>
         <load_address>0xada</load_address>
         <run_address>0xada</run_address>
         <size>0x44</size>
         <input_file_ref idref="fl-b"/>
      </object_component>
      <object_component id="oc-140">
         <name>.debug_line</name>
         <load_address>0xb1e</load_address>
         <run_address>0xb1e</run_address>
         <size>0x70</size>
         <input_file_ref idref="fl-b"/>
      </object_component>
      <object_component id="oc-1b6">
         <name>.debug_line</name>
         <load_address>0xb8e</load_address>
         <run_address>0xb8e</run_address>
         <size>0x44</size>
         <input_file_ref idref="fl-c"/>
      </object_component>
      <object_component id="oc-b1">
         <name>.debug_line</name>
         <load_address>0xbd2</load_address>
         <run_address>0xbd2</run_address>
         <size>0x42</size>
         <input_file_ref idref="fl-c"/>
      </object_component>
      <object_component id="oc-222">
         <name>.debug_line</name>
         <load_address>0xc14</load_address>
         <run_address>0xc14</run_address>
         <size>0x4e</size>
         <input_file_ref idref="fl-3b"/>
      </object_component>
      <object_component id="oc-f2">
         <name>.debug_line</name>
         <load_address>0xc62</load_address>
         <run_address>0xc62</run_address>
         <size>0x2a</size>
         <input_file_ref idref="fl-3c"/>
      </object_component>
      <object_component id="oc-6e">
         <name>.debug_line</name>
         <load_address>0xc8c</load_address>
         <run_address>0xc8c</run_address>
         <size>0x4c</size>
         <input_file_ref idref="fl-3d"/>
      </object_component>
      <object_component id="oc-114">
         <name>.debug_line</name>
         <load_address>0xcd8</load_address>
         <run_address>0xcd8</run_address>
         <size>0x20</size>
         <input_file_ref idref="fl-40"/>
      </object_component>
      <object_component id="oc-4c">
         <name>.debug_line</name>
         <load_address>0xcf8</load_address>
         <run_address>0xcf8</run_address>
         <size>0x4d</size>
         <input_file_ref idref="fl-40"/>
      </object_component>
      <object_component id="oc-ba">
         <name>.debug_line</name>
         <load_address>0xd45</load_address>
         <run_address>0xd45</run_address>
         <size>0x34</size>
         <input_file_ref idref="fl-40"/>
      </object_component>
      <object_component id="oc-fd">
         <name>.debug_line</name>
         <load_address>0xd79</load_address>
         <run_address>0xd79</run_address>
         <size>0x80</size>
         <input_file_ref idref="fl-40"/>
      </object_component>
      <object_component id="oc-10a">
         <name>.debug_line</name>
         <load_address>0xdf9</load_address>
         <run_address>0xdf9</run_address>
         <size>0x40</size>
         <input_file_ref idref="fl-41"/>
      </object_component>
      <object_component id="oc-e6">
         <name>.debug_line</name>
         <load_address>0xe39</load_address>
         <run_address>0xe39</run_address>
         <size>0x3a</size>
         <input_file_ref idref="fl-42"/>
      </object_component>
      <object_component id="oc-af">
         <name>.debug_line</name>
         <load_address>0xe73</load_address>
         <run_address>0xe73</run_address>
         <size>0x3c</size>
         <input_file_ref idref="fl-50"/>
      </object_component>
      <object_component id="oc-1a4">
         <name>.debug_line</name>
         <load_address>0xeaf</load_address>
         <run_address>0xeaf</run_address>
         <size>0x4e</size>
         <input_file_ref idref="fl-51"/>
      </object_component>
      <object_component id="oc-218">
         <name>.debug_line</name>
         <load_address>0xefd</load_address>
         <run_address>0xefd</run_address>
         <size>0x5e</size>
         <input_file_ref idref="fl-52"/>
      </object_component>
      <object_component id="oc-1da">
         <name>.debug_line</name>
         <load_address>0xf5b</load_address>
         <run_address>0xf5b</run_address>
         <size>0x42</size>
         <input_file_ref idref="fl-55"/>
      </object_component>
      <object_component id="oc-c1">
         <name>.debug_line</name>
         <load_address>0xf9d</load_address>
         <run_address>0xf9d</run_address>
         <size>0x3e</size>
         <input_file_ref idref="fl-56"/>
      </object_component>
      <object_component id="oc-17d">
         <name>.debug_line</name>
         <load_address>0xfdb</load_address>
         <run_address>0xfdb</run_address>
         <size>0x2e</size>
         <input_file_ref idref="fl-59"/>
      </object_component>
      <object_component id="oc-c7">
         <name>.debug_line</name>
         <load_address>0x1009</load_address>
         <run_address>0x1009</run_address>
         <size>0x7b</size>
         <input_file_ref idref="fl-59"/>
      </object_component>
      <object_component id="oc-181">
         <name>.debug_line</name>
         <load_address>0x1084</load_address>
         <run_address>0x1084</run_address>
         <size>0x2e</size>
         <input_file_ref idref="fl-59"/>
      </object_component>
      <object_component id="oc-134">
         <name>.debug_frame</name>
         <load_address>0x0</load_address>
         <run_address>0x0</run_address>
         <size>0x47</size>
         <input_file_ref idref="fl-2"/>
      </object_component>
      <object_component id="oc-14c">
         <name>.debug_frame</name>
         <load_address>0x47</load_address>
         <run_address>0x47</run_address>
         <size>0x47</size>
         <input_file_ref idref="fl-2"/>
      </object_component>
      <object_component id="oc-1bd">
         <name>.debug_frame</name>
         <load_address>0x8e</load_address>
         <run_address>0x8e</run_address>
         <size>0x50</size>
         <input_file_ref idref="fl-2"/>
      </object_component>
      <object_component id="oc-157">
         <name>.debug_frame</name>
         <load_address>0xde</load_address>
         <run_address>0xde</run_address>
         <size>0x47</size>
         <input_file_ref idref="fl-3"/>
      </object_component>
      <object_component id="oc-15e">
         <name>.debug_frame</name>
         <load_address>0x125</load_address>
         <run_address>0x125</run_address>
         <size>0x62</size>
         <input_file_ref idref="fl-3"/>
      </object_component>
      <object_component id="oc-1e5">
         <name>.debug_frame</name>
         <load_address>0x187</load_address>
         <run_address>0x187</run_address>
         <size>0x57</size>
         <input_file_ref idref="fl-3"/>
      </object_component>
      <object_component id="oc-1df">
         <name>.debug_frame</name>
         <load_address>0x1de</load_address>
         <run_address>0x1de</run_address>
         <size>0x47</size>
         <input_file_ref idref="fl-3"/>
      </object_component>
      <object_component id="oc-1eb">
         <name>.debug_frame</name>
         <load_address>0x225</load_address>
         <run_address>0x225</run_address>
         <size>0x47</size>
         <input_file_ref idref="fl-3"/>
      </object_component>
      <object_component id="oc-1c1">
         <name>.debug_frame</name>
         <load_address>0x26c</load_address>
         <run_address>0x26c</run_address>
         <size>0x47</size>
         <input_file_ref idref="fl-4"/>
      </object_component>
      <object_component id="oc-1f2">
         <name>.debug_frame</name>
         <load_address>0x2b3</load_address>
         <run_address>0x2b3</run_address>
         <size>0x48</size>
         <input_file_ref idref="fl-5"/>
      </object_component>
      <object_component id="oc-1f9">
         <name>.debug_frame</name>
         <load_address>0x2fb</load_address>
         <run_address>0x2fb</run_address>
         <size>0x48</size>
         <input_file_ref idref="fl-5"/>
      </object_component>
      <object_component id="oc-164">
         <name>.debug_frame</name>
         <load_address>0x343</load_address>
         <run_address>0x343</run_address>
         <size>0x52</size>
         <input_file_ref idref="fl-5"/>
      </object_component>
      <object_component id="oc-13a">
         <name>.debug_frame</name>
         <load_address>0x395</load_address>
         <run_address>0x395</run_address>
         <size>0x47</size>
         <input_file_ref idref="fl-6"/>
      </object_component>
      <object_component id="oc-207">
         <name>.debug_frame</name>
         <load_address>0x3dc</load_address>
         <run_address>0x3dc</run_address>
         <size>0x47</size>
         <input_file_ref idref="fl-6"/>
      </object_component>
      <object_component id="oc-146">
         <name>.debug_frame</name>
         <load_address>0x423</load_address>
         <run_address>0x423</run_address>
         <size>0x48</size>
         <input_file_ref idref="fl-8"/>
      </object_component>
      <object_component id="oc-1c5">
         <name>.debug_frame</name>
         <load_address>0x46b</load_address>
         <run_address>0x46b</run_address>
         <size>0x47</size>
         <input_file_ref idref="fl-8"/>
      </object_component>
      <object_component id="oc-1ad">
         <name>.debug_frame</name>
         <load_address>0x4b2</load_address>
         <run_address>0x4b2</run_address>
         <size>0x5b</size>
         <input_file_ref idref="fl-9"/>
      </object_component>
      <object_component id="oc-234">
         <name>.debug_frame</name>
         <load_address>0x50d</load_address>
         <run_address>0x50d</run_address>
         <size>0x47</size>
         <input_file_ref idref="fl-9"/>
      </object_component>
      <object_component id="oc-20f">
         <name>.debug_frame</name>
         <load_address>0x554</load_address>
         <run_address>0x554</run_address>
         <size>0x51</size>
         <input_file_ref idref="fl-9"/>
      </object_component>
      <object_component id="oc-1ce">
         <name>.debug_frame</name>
         <load_address>0x5a5</load_address>
         <run_address>0x5a5</run_address>
         <size>0x48</size>
         <input_file_ref idref="fl-a"/>
      </object_component>
      <object_component id="oc-de">
         <name>.debug_frame</name>
         <load_address>0x5ed</load_address>
         <run_address>0x5ed</run_address>
         <size>0x47</size>
         <input_file_ref idref="fl-b"/>
      </object_component>
      <object_component id="oc-12a">
         <name>.debug_frame</name>
         <load_address>0x634</load_address>
         <run_address>0x634</run_address>
         <size>0x47</size>
         <input_file_ref idref="fl-b"/>
      </object_component>
      <object_component id="oc-13c">
         <name>.debug_frame</name>
         <load_address>0x67b</load_address>
         <run_address>0x67b</run_address>
         <size>0x4e</size>
         <input_file_ref idref="fl-b"/>
      </object_component>
      <object_component id="oc-1b7">
         <name>.debug_frame</name>
         <load_address>0x6c9</load_address>
         <run_address>0x6c9</run_address>
         <size>0x47</size>
         <input_file_ref idref="fl-c"/>
      </object_component>
      <object_component id="oc-b2">
         <name>.debug_frame</name>
         <load_address>0x710</load_address>
         <run_address>0x710</run_address>
         <size>0x47</size>
         <input_file_ref idref="fl-c"/>
      </object_component>
      <object_component id="oc-6d">
         <name>.debug_frame</name>
         <load_address>0x757</load_address>
         <run_address>0x757</run_address>
         <size>0x42</size>
         <input_file_ref idref="fl-3d"/>
      </object_component>
      <object_component id="oc-4d">
         <name>.debug_frame</name>
         <load_address>0x799</load_address>
         <run_address>0x799</run_address>
         <size>0x47</size>
         <input_file_ref idref="fl-40"/>
      </object_component>
      <object_component id="oc-e7">
         <name>.debug_frame</name>
         <load_address>0x7e0</load_address>
         <run_address>0x7e0</run_address>
         <size>0x47</size>
         <input_file_ref idref="fl-42"/>
      </object_component>
      <object_component id="oc-c2">
         <name>.debug_frame</name>
         <load_address>0x827</load_address>
         <run_address>0x827</run_address>
         <size>0x47</size>
         <input_file_ref idref="fl-56"/>
      </object_component>
      <object_component id="oc-c8">
         <name>.debug_frame</name>
         <load_address>0x86e</load_address>
         <run_address>0x86e</run_address>
         <size>0x51</size>
         <input_file_ref idref="fl-59"/>
      </object_component>
      <object_component id="oc-19d">
         <name>.debug_abbrev</name>
         <load_address>0x0</load_address>
         <run_address>0x0</run_address>
         <size>0x50</size>
         <input_file_ref idref="fl-2"/>
      </object_component>
      <object_component id="oc-1d1">
         <name>.debug_abbrev</name>
         <load_address>0x50</load_address>
         <run_address>0x50</run_address>
         <size>0x5e</size>
         <input_file_ref idref="fl-2"/>
      </object_component>
      <object_component id="oc-205">
         <name>.debug_abbrev</name>
         <load_address>0xae</load_address>
         <run_address>0xae</run_address>
         <size>0x6c</size>
         <input_file_ref idref="fl-2"/>
      </object_component>
      <object_component id="oc-f5">
         <name>.debug_abbrev</name>
         <load_address>0x11a</load_address>
         <run_address>0x11a</run_address>
         <size>0x1f</size>
         <input_file_ref idref="fl-2"/>
      </object_component>
      <object_component id="oc-21a">
         <name>.debug_abbrev</name>
         <load_address>0x139</load_address>
         <run_address>0x139</run_address>
         <size>0x42</size>
         <input_file_ref idref="fl-3"/>
      </object_component>
      <object_component id="oc-23b">
         <name>.debug_abbrev</name>
         <load_address>0x17b</load_address>
         <run_address>0x17b</run_address>
         <size>0x29</size>
         <input_file_ref idref="fl-3"/>
      </object_component>
      <object_component id="oc-23d">
         <name>.debug_abbrev</name>
         <load_address>0x1a4</load_address>
         <run_address>0x1a4</run_address>
         <size>0x29</size>
         <input_file_ref idref="fl-3"/>
      </object_component>
      <object_component id="oc-1d4">
         <name>.debug_abbrev</name>
         <load_address>0x1cd</load_address>
         <run_address>0x1cd</run_address>
         <size>0x6c</size>
         <input_file_ref idref="fl-3"/>
      </object_component>
      <object_component id="oc-1ed">
         <name>.debug_abbrev</name>
         <load_address>0x239</load_address>
         <run_address>0x239</run_address>
         <size>0x7c</size>
         <input_file_ref idref="fl-3"/>
      </object_component>
      <object_component id="oc-229">
         <name>.debug_abbrev</name>
         <load_address>0x2b5</load_address>
         <run_address>0x2b5</run_address>
         <size>0x7c</size>
         <input_file_ref idref="fl-3"/>
      </object_component>
      <object_component id="oc-21d">
         <name>.debug_abbrev</name>
         <load_address>0x331</load_address>
         <run_address>0x331</run_address>
         <size>0x6e</size>
         <input_file_ref idref="fl-3"/>
      </object_component>
      <object_component id="oc-22a">
         <name>.debug_abbrev</name>
         <load_address>0x39f</load_address>
         <run_address>0x39f</run_address>
         <size>0x6e</size>
         <input_file_ref idref="fl-3"/>
      </object_component>
      <object_component id="oc-16f">
         <name>.debug_abbrev</name>
         <load_address>0x40d</load_address>
         <run_address>0x40d</run_address>
         <size>0x67</size>
         <input_file_ref idref="fl-3"/>
      </object_component>
      <object_component id="oc-20c">
         <name>.debug_abbrev</name>
         <load_address>0x474</load_address>
         <run_address>0x474</run_address>
         <size>0x6c</size>
         <input_file_ref idref="fl-4"/>
      </object_component>
      <object_component id="oc-174">
         <name>.debug_abbrev</name>
         <load_address>0x4e0</load_address>
         <run_address>0x4e0</run_address>
         <size>0x7d</size>
         <input_file_ref idref="fl-4"/>
      </object_component>
      <object_component id="oc-22d">
         <name>.debug_abbrev</name>
         <load_address>0x55d</load_address>
         <run_address>0x55d</run_address>
         <size>0x5a</size>
         <input_file_ref idref="fl-5"/>
      </object_component>
      <object_component id="oc-22b">
         <name>.debug_abbrev</name>
         <load_address>0x5b7</load_address>
         <run_address>0x5b7</run_address>
         <size>0x6c</size>
         <input_file_ref idref="fl-5"/>
      </object_component>
      <object_component id="oc-22c">
         <name>.debug_abbrev</name>
         <load_address>0x623</load_address>
         <run_address>0x623</run_address>
         <size>0x6c</size>
         <input_file_ref idref="fl-5"/>
      </object_component>
      <object_component id="oc-1fa">
         <name>.debug_abbrev</name>
         <load_address>0x68f</load_address>
         <run_address>0x68f</run_address>
         <size>0x7a</size>
         <input_file_ref idref="fl-5"/>
      </object_component>
      <object_component id="oc-19e">
         <name>.debug_abbrev</name>
         <load_address>0x709</load_address>
         <run_address>0x709</run_address>
         <size>0x50</size>
         <input_file_ref idref="fl-6"/>
      </object_component>
      <object_component id="oc-231">
         <name>.debug_abbrev</name>
         <load_address>0x759</load_address>
         <run_address>0x759</run_address>
         <size>0x6c</size>
         <input_file_ref idref="fl-6"/>
      </object_component>
      <object_component id="oc-1d2">
         <name>.debug_abbrev</name>
         <load_address>0x7c5</load_address>
         <run_address>0x7c5</run_address>
         <size>0xe1</size>
         <input_file_ref idref="fl-8"/>
      </object_component>
      <object_component id="oc-1ca">
         <name>.debug_abbrev</name>
         <load_address>0x8a6</load_address>
         <run_address>0x8a6</run_address>
         <size>0x6c</size>
         <input_file_ref idref="fl-8"/>
      </object_component>
      <object_component id="oc-213">
         <name>.debug_abbrev</name>
         <load_address>0x912</load_address>
         <run_address>0x912</run_address>
         <size>0x5e</size>
         <input_file_ref idref="fl-8"/>
      </object_component>
      <object_component id="oc-179">
         <name>.debug_abbrev</name>
         <load_address>0x970</load_address>
         <run_address>0x970</run_address>
         <size>0x7d</size>
         <input_file_ref idref="fl-8"/>
      </object_component>
      <object_component id="oc-22f">
         <name>.debug_abbrev</name>
         <load_address>0x9ed</load_address>
         <run_address>0x9ed</run_address>
         <size>0x3d</size>
         <input_file_ref idref="fl-9"/>
      </object_component>
      <object_component id="oc-202">
         <name>.debug_abbrev</name>
         <load_address>0xa2a</load_address>
         <run_address>0xa2a</run_address>
         <size>0x6c</size>
         <input_file_ref idref="fl-9"/>
      </object_component>
      <object_component id="oc-23f">
         <name>.debug_abbrev</name>
         <load_address>0xa96</load_address>
         <run_address>0xa96</run_address>
         <size>0x6e</size>
         <input_file_ref idref="fl-9"/>
      </object_component>
      <object_component id="oc-238">
         <name>.debug_abbrev</name>
         <load_address>0xb04</load_address>
         <run_address>0xb04</run_address>
         <size>0x7c</size>
         <input_file_ref idref="fl-9"/>
      </object_component>
      <object_component id="oc-219">
         <name>.debug_abbrev</name>
         <load_address>0xb80</load_address>
         <run_address>0xb80</run_address>
         <size>0x5e</size>
         <input_file_ref idref="fl-a"/>
      </object_component>
      <object_component id="oc-16b">
         <name>.debug_abbrev</name>
         <load_address>0xbde</load_address>
         <run_address>0xbde</run_address>
         <size>0xd4</size>
         <input_file_ref idref="fl-b"/>
      </object_component>
      <object_component id="oc-166">
         <name>.debug_abbrev</name>
         <load_address>0xcb2</load_address>
         <run_address>0xcb2</run_address>
         <size>0x52</size>
         <input_file_ref idref="fl-b"/>
      </object_component>
      <object_component id="oc-19c">
         <name>.debug_abbrev</name>
         <load_address>0xd04</load_address>
         <run_address>0xd04</run_address>
         <size>0x50</size>
         <input_file_ref idref="fl-b"/>
      </object_component>
      <object_component id="oc-1b1">
         <name>.debug_abbrev</name>
         <load_address>0xd54</load_address>
         <run_address>0xd54</run_address>
         <size>0x6c</size>
         <input_file_ref idref="fl-b"/>
      </object_component>
      <object_component id="oc-204">
         <name>.debug_abbrev</name>
         <load_address>0xdc0</load_address>
         <run_address>0xdc0</run_address>
         <size>0x50</size>
         <input_file_ref idref="fl-c"/>
      </object_component>
      <object_component id="oc-112">
         <name>.debug_abbrev</name>
         <load_address>0xe10</load_address>
         <run_address>0xe10</run_address>
         <size>0x53</size>
         <input_file_ref idref="fl-c"/>
      </object_component>
      <object_component id="oc-23a">
         <name>.debug_abbrev</name>
         <load_address>0xe63</load_address>
         <run_address>0xe63</run_address>
         <size>0x3c</size>
         <input_file_ref idref="fl-3b"/>
      </object_component>
      <object_component id="oc-f1">
         <name>.debug_abbrev</name>
         <load_address>0xe9f</load_address>
         <run_address>0xe9f</run_address>
         <size>0x29</size>
         <input_file_ref idref="fl-3c"/>
      </object_component>
      <object_component id="oc-eb">
         <name>.debug_abbrev</name>
         <load_address>0xec8</load_address>
         <run_address>0xec8</run_address>
         <size>0x58</size>
         <input_file_ref idref="fl-3d"/>
      </object_component>
      <object_component id="oc-113">
         <name>.debug_abbrev</name>
         <load_address>0xf20</load_address>
         <run_address>0xf20</run_address>
         <size>0x37</size>
         <input_file_ref idref="fl-40"/>
      </object_component>
      <object_component id="oc-b6">
         <name>.debug_abbrev</name>
         <load_address>0xf57</load_address>
         <run_address>0xf57</run_address>
         <size>0x6f</size>
         <input_file_ref idref="fl-40"/>
      </object_component>
      <object_component id="oc-b9">
         <name>.debug_abbrev</name>
         <load_address>0xfc6</load_address>
         <run_address>0xfc6</run_address>
         <size>0x24</size>
         <input_file_ref idref="fl-40"/>
      </object_component>
      <object_component id="oc-fc">
         <name>.debug_abbrev</name>
         <load_address>0xfea</load_address>
         <run_address>0xfea</run_address>
         <size>0x24</size>
         <input_file_ref idref="fl-40"/>
      </object_component>
      <object_component id="oc-16a">
         <name>.debug_abbrev</name>
         <load_address>0x100e</load_address>
         <run_address>0x100e</run_address>
         <size>0x3a</size>
         <input_file_ref idref="fl-41"/>
      </object_component>
      <object_component id="oc-167">
         <name>.debug_abbrev</name>
         <load_address>0x1048</load_address>
         <run_address>0x1048</run_address>
         <size>0x45</size>
         <input_file_ref idref="fl-42"/>
      </object_component>
      <object_component id="oc-10e">
         <name>.debug_abbrev</name>
         <load_address>0x108d</load_address>
         <run_address>0x108d</run_address>
         <size>0x28</size>
         <input_file_ref idref="fl-50"/>
      </object_component>
      <object_component id="oc-201">
         <name>.debug_abbrev</name>
         <load_address>0x10b5</load_address>
         <run_address>0x10b5</run_address>
         <size>0x3c</size>
         <input_file_ref idref="fl-51"/>
      </object_component>
      <object_component id="oc-239">
         <name>.debug_abbrev</name>
         <load_address>0x10f1</load_address>
         <run_address>0x10f1</run_address>
         <size>0x3c</size>
         <input_file_ref idref="fl-52"/>
      </object_component>
      <object_component id="oc-21c">
         <name>.debug_abbrev</name>
         <load_address>0x112d</load_address>
         <run_address>0x112d</run_address>
         <size>0x3c</size>
         <input_file_ref idref="fl-55"/>
      </object_component>
      <object_component id="oc-115">
         <name>.debug_abbrev</name>
         <load_address>0x1169</load_address>
         <run_address>0x1169</run_address>
         <size>0x55</size>
         <input_file_ref idref="fl-56"/>
      </object_component>
      <object_component id="oc-17c">
         <name>.debug_abbrev</name>
         <load_address>0x11be</load_address>
         <run_address>0x11be</run_address>
         <size>0x7b</size>
         <input_file_ref idref="fl-59"/>
      </object_component>
      <object_component id="oc-116">
         <name>.debug_abbrev</name>
         <load_address>0x1239</load_address>
         <run_address>0x1239</run_address>
         <size>0x70</size>
         <input_file_ref idref="fl-59"/>
      </object_component>
      <object_component id="oc-180">
         <name>.debug_abbrev</name>
         <load_address>0x12a9</load_address>
         <run_address>0x12a9</run_address>
         <size>0x24</size>
         <input_file_ref idref="fl-59"/>
      </object_component>
      <object_component id="oc-27a">
         <name>.debug_abbrev</name>
         <load_address>0x12cd</load_address>
         <run_address>0x12cd</run_address>
         <size>0xf</size>
      </object_component>
      <object_component id="oc-f7">
         <name>.debug_str</name>
         <load_address>0x0</load_address>
         <run_address>0x0</run_address>
         <size>0xf5</size>
         <input_file_ref idref="fl-2"/>
      </object_component>
      <object_component id="oc-171">
         <name>.debug_str</name>
         <load_address>0xf5</load_address>
         <run_address>0xf5</run_address>
         <size>0x126</size>
         <input_file_ref idref="fl-3"/>
      </object_component>
      <object_component id="oc-176">
         <name>.debug_str</name>
         <load_address>0x21b</load_address>
         <run_address>0x21b</run_address>
         <size>0x150</size>
         <input_file_ref idref="fl-4"/>
      </object_component>
      <object_component id="oc-17b">
         <name>.debug_str</name>
         <load_address>0x36b</load_address>
         <run_address>0x36b</run_address>
         <size>0x1bc</size>
         <input_file_ref idref="fl-8"/>
      </object_component>
      <object_component id="oc-bb">
         <name>.debug_str</name>
         <load_address>0x527</load_address>
         <run_address>0x527</run_address>
         <size>0xdb</size>
         <input_file_ref idref="fl-40"/>
      </object_component>
      <object_component id="oc-fe">
         <name>.debug_str</name>
         <load_address>0x602</load_address>
         <run_address>0x602</run_address>
         <size>0x104</size>
         <input_file_ref idref="fl-40"/>
      </object_component>
      <object_component id="oc-182">
         <name>.debug_str</name>
         <load_address>0x706</load_address>
         <run_address>0x706</run_address>
         <size>0xc3</size>
         <input_file_ref idref="fl-59"/>
      </object_component>
      <object_component id="oc-132">
         <name>.debug_aranges</name>
         <load_address>0x0</load_address>
         <run_address>0x0</run_address>
         <size>0x20</size>
         <input_file_ref idref="fl-2"/>
      </object_component>
      <object_component id="oc-149">
         <name>.debug_aranges</name>
         <load_address>0x20</load_address>
         <run_address>0x20</run_address>
         <size>0x20</size>
         <input_file_ref idref="fl-2"/>
      </object_component>
      <object_component id="oc-1bb">
         <name>.debug_aranges</name>
         <load_address>0x40</load_address>
         <run_address>0x40</run_address>
         <size>0x20</size>
         <input_file_ref idref="fl-2"/>
      </object_component>
      <object_component id="oc-155">
         <name>.debug_aranges</name>
         <load_address>0x60</load_address>
         <run_address>0x60</run_address>
         <size>0x20</size>
         <input_file_ref idref="fl-3"/>
      </object_component>
      <object_component id="oc-15b">
         <name>.debug_aranges</name>
         <load_address>0x80</load_address>
         <run_address>0x80</run_address>
         <size>0x20</size>
         <input_file_ref idref="fl-3"/>
      </object_component>
      <object_component id="oc-1e3">
         <name>.debug_aranges</name>
         <load_address>0xa0</load_address>
         <run_address>0xa0</run_address>
         <size>0x20</size>
         <input_file_ref idref="fl-3"/>
      </object_component>
      <object_component id="oc-1dd">
         <name>.debug_aranges</name>
         <load_address>0xc0</load_address>
         <run_address>0xc0</run_address>
         <size>0x20</size>
         <input_file_ref idref="fl-3"/>
      </object_component>
      <object_component id="oc-1ea">
         <name>.debug_aranges</name>
         <load_address>0xe0</load_address>
         <run_address>0xe0</run_address>
         <size>0x20</size>
         <input_file_ref idref="fl-3"/>
      </object_component>
      <object_component id="oc-1bf">
         <name>.debug_aranges</name>
         <load_address>0x100</load_address>
         <run_address>0x100</run_address>
         <size>0x20</size>
         <input_file_ref idref="fl-4"/>
      </object_component>
      <object_component id="oc-1f0">
         <name>.debug_aranges</name>
         <load_address>0x120</load_address>
         <run_address>0x120</run_address>
         <size>0x20</size>
         <input_file_ref idref="fl-5"/>
      </object_component>
      <object_component id="oc-1f7">
         <name>.debug_aranges</name>
         <load_address>0x140</load_address>
         <run_address>0x140</run_address>
         <size>0x20</size>
         <input_file_ref idref="fl-5"/>
      </object_component>
      <object_component id="oc-162">
         <name>.debug_aranges</name>
         <load_address>0x160</load_address>
         <run_address>0x160</run_address>
         <size>0x20</size>
         <input_file_ref idref="fl-5"/>
      </object_component>
      <object_component id="oc-136">
         <name>.debug_aranges</name>
         <load_address>0x180</load_address>
         <run_address>0x180</run_address>
         <size>0x20</size>
         <input_file_ref idref="fl-6"/>
      </object_component>
      <object_component id="oc-208">
         <name>.debug_aranges</name>
         <load_address>0x1a0</load_address>
         <run_address>0x1a0</run_address>
         <size>0x20</size>
         <input_file_ref idref="fl-6"/>
      </object_component>
      <object_component id="oc-143">
         <name>.debug_aranges</name>
         <load_address>0x1c0</load_address>
         <run_address>0x1c0</run_address>
         <size>0x20</size>
         <input_file_ref idref="fl-8"/>
      </object_component>
[...]
      </symbol>
      <symbol id="sm-60">
         <name>TLV_DCO_30_LEN</name>
         <value>0x10f7</value>
      </symbol>
      <symbol id="sm-61">
         <name>TLV_ADC10_1_TAG</name>
         <value>0x10da</value>
      </symbol>
      <symbol id="sm-62">
         <name>TLV_ADC10_1_LEN</name>
         <value>0x10db</value>
      </symbol>
      <symbol id="sm-63">
         <name>__TI_CINIT_Base</name>
         <value>0xcb0e</value>
      </symbol>
      <symbol id="sm-64">
         <name>__TI_CINIT_Limit</name>
         <value>0xcb12</value>
      </symbol>
      <symbol id="sm-65">
         <name>__TI_Handler_Table_Base</name>
         <value>0xcb0c</value>
      </symbol>
      <symbol id="sm-66">
         <name>__TI_Handler_Table_Limit</name>
         <value>0xcb0e</value>
      </symbol>
      <symbol id="sm-67">
         <name>binit</name>
         <value>0xffffffff</value>
      </symbol>
      <symbol id="sm-68">
         <name>__binit__</name>
         <value>0xffffffff</value>
      </symbol>
      <symbol id="sm-69">
         <name>__STACK_SIZE</name>
         <value>0x50</value>
      </symbol>
      <symbol id="sm-6a">
         <name>__STACK_END</name>
         <value>0x400</value>
      </symbol>
      <symbol id="sm-6b">
         <name>__c_args__</name>
         <value>0xffffffff</value>
      </symbol>
      <symbol id="sm-b6">
         <name>GetFilteredSample</name>
         <value>0xca32</value>
         <object_component_ref idref="oc-1b8"/>
      </symbol>
      <symbol id="sm-b7">
         <name>GetSamples</name>
         <value>0xca1a</value>
         <object_component_ref idref="oc-147"/>
      </symbol>
      <symbol id="sm-b8">
         <name>ConfigureADC</name>
         <value>0xc912</value>
         <object_component_ref idref="oc-12f"/>
      </symbol>
      <symbol id="sm-10d">
         <name>COSSCALE</name>
         <value>0xcae8</value>
         <object_component_ref idref="oc-226"/>
      </symbol>
      <symbol id="sm-10e">
         <name>getQuad</name>
         <value>0xc996</value>
         <object_component_ref idref="oc-1db"/>
      </symbol>
      <symbol id="sm-10f">
         <name>findTotalAngle</name>
         <value>0xc9c0</value>
         <object_component_ref idref="oc-1e7"/>
      </symbol>
      <symbol id="sm-110">
         <name>findQuadrantAngle</name>
         <value>0xc630</value>
         <object_component_ref idref="oc-1e1"/>
      </symbol>
      <symbol id="sm-111">
         <name>getDisplaySetting</name>
         <value>0xc12c</value>
         <object_component_ref idref="oc-159"/>
      </symbol>
      <symbol id="sm-112">
         <name>setCoordinates</name>
         <value>0xcac6</value>
         <object_component_ref idref="oc-152"/>
      </symbol>
      <symbol id="sm-113">
         <name>TANANGLES</name>
         <value>0xcaf8</value>
         <object_component_ref idref="oc-223"/>
      </symbol>
      <symbol id="sm-121">
         <name>UpdateLEDDisplay</name>
         <value>0xcab8</value>
         <object_component_ref idref="oc-1be"/>
      </symbol>
      <symbol id="sm-15a">
         <name>PWM</name>
         <value>0xc4da</value>
         <object_component_ref idref="oc-160"/>
      </symbol>
      <symbol id="sm-15b">
         <name>PWMWaitTime</name>
         <value>0xc000</value>
         <object_component_ref idref="oc-1ee"/>
      </symbol>
      <symbol id="sm-15c">
         <name>PointDirection</name>
         <value>0xc234</value>
         <object_component_ref idref="oc-1f4"/>
      </symbol>
      <symbol id="sm-170">
         <name>SPISendByte</name>
         <value>0xc8b4</value>
         <object_component_ref idref="oc-206"/>
      </symbol>
      <symbol id="sm-171">
         <name>ConfigureSPI</name>
         <value>0xc8e4</value>
         <object_component_ref idref="oc-135"/>
      </symbol>
      <symbol id="sm-18f">
         <name>calibratedZero</name>
         <value>0x268</value>
      </symbol>
      <symbol id="sm-190">
         <name>WaitButtonPress</name>
         <value>0xc9e6</value>
         <object_component_ref idref="oc-1c4"/>
      </symbol>
      <symbol id="sm-191">
         <name>Calibrate</name>
         <value>0xc40c</value>
         <object_component_ref idref="oc-141"/>
      </symbol>
      <symbol id="sm-1b5">
         <name>InitializeSwitch</name>
         <value>0xc748</value>
         <object_component_ref idref="oc-1ab"/>
      </symbol>
      <symbol id="sm-1b6">
         <name>GetSwitch</name>
         <value>0xca48</value>
         <object_component_ref idref="oc-232"/>
      </symbol>
      <symbol id="sm-1b7">
         <name>Debouncer</name>
         <value>0xc6be</value>
         <object_component_ref idref="oc-20d"/>
      </symbol>
      <symbol id="sm-1c0">
         <name>filter</name>
         <value>0xc5a2</value>
         <object_component_ref idref="oc-1cb"/>
      </symbol>
      <symbol id="sm-1e0">
         <name>gPushButton</name>
         <value>0x230</value>
      </symbol>
      <symbol id="sm-1e1">
         <name>g250usTimer</name>
         <value>0x286</value>
      </symbol>
      <symbol id="sm-1e2">
         <name>bufferPointer</name>
         <value>0x284</value>
      </symbol>
      <symbol id="sm-1e3">
         <name>circularBuffer</name>
         <value>0x200</value>
      </symbol>
      <symbol id="sm-1e4">
         <name>runningSum</name>
         <value>0x26e</value>
      </symbol>
      <symbol id="sm-1e5">
         <name>average</name>
         <value>0x256</value>
      </symbol>
      <symbol id="sm-1e6">
         <name>sample</name>
         <value>0x274</value>
      </symbol>
      <symbol id="sm-1e7">
         <name>calibratedMAX</name>
         <value>0x25c</value>
      </symbol>
      <symbol id="sm-1e8">
         <name>calibratedMIN</name>
         <value>0x262</value>
      </symbol>
      <symbol id="sm-1e9">
         <name>xyzCoordinates</name>
         <value>0x27a</value>
      </symbol>
      <symbol id="sm-1ea">
         <name>angles</name>
         <value>0x280</value>
      </symbol>
      <symbol id="sm-1eb">
         <name>DisplayPWM</name>
         <value>0x246</value>
      </symbol>
      <symbol id="sm-1ec">
         <name>ConfigureClockModule</name>
         <value>0xcaaa</value>
         <object_component_ref idref="oc-129"/>
      </symbol>
      <symbol id="sm-1ed">
         <name>main</name>
         <value>0xc7b2</value>
         <object_component_ref idref="oc-dd"/>
      </symbol>
      <symbol id="sm-1ee">
         <name>InitializeGlobalVariables</name>
         <value>0xc334</value>
         <object_component_ref idref="oc-13b"/>
      </symbol>
      <symbol id="sm-1ff">
         <name>__TI_int09</name>
         <value>0xfff2</value>
         <object_component_ref idref="oc-45"/>
      </symbol>
      <symbol id="sm-200">
         <name>TimerA0_routine</name>
         <value>0xcad4</value>
         <object_component_ref idref="oc-b0"/>
      </symbol>
      <symbol id="sm-201">
         <name>ConfigureTimerA</name>
         <value>0xca5e</value>
         <object_component_ref idref="oc-1b2"/>
      </symbol>
      <symbol id="sm-209">
         <name>__mspabi_srai</name>
         <value>0xc93e</value>
         <object_component_ref idref="oc-21e"/>
      </symbol>
      <symbol id="sm-20a">
         <name>__mspabi_srai_8</name>
         <value>0xc958</value>
         <object_component_ref idref="oc-21e"/>
      </symbol>
      <symbol id="sm-20b">
         <name>__mspabi_srai_9</name>
         <value>0xc956</value>
         <object_component_ref idref="oc-21e"/>
      </symbol>
      <symbol id="sm-20c">
         <name>__mspabi_srai_6</name>
         <value>0xc95c</value>
         <object_component_ref idref="oc-21e"/>
      </symbol>
      <symbol id="sm-20d">
         <name>__mspabi_srai_7</name>
         <value>0xc95a</value>
         <object_component_ref idref="oc-21e"/>
      </symbol>
      <symbol id="sm-20e">
         <name>__mspabi_srai_4</name>
         <value>0xc960</value>
         <object_component_ref idref="oc-21e"/>
      </symbol>
      <symbol id="sm-20f">
         <name>__mspabi_srai_5</name>
         <value>0xc95e</value>
         <object_component_ref idref="oc-21e"/>
      </symbol>
      <symbol id="sm-210">
         <name>__mspabi_srai_2</name>
         <value>0xc964</value>
         <object_component_ref idref="oc-21e"/>
      </symbol>
      <symbol id="sm-211">
         <name>__mspabi_srai_3</name>
         <value>0xc962</value>
         <object_component_ref idref="oc-21e"/>
      </symbol>
      <symbol id="sm-212">
         <name>__mspabi_srai_1</name>
         <value>0xc966</value>
         <object_component_ref idref="oc-21e"/>
      </symbol>
      <symbol id="sm-213">
         <name>__mspabi_srai_15</name>
         <value>0xc94a</value>
         <object_component_ref idref="oc-21e"/>
      </symbol>
      <symbol id="sm-214">
         <name>__mspabi_srai_14</name>
         <value>0xc94c</value>
         <object_component_ref idref="oc-21e"/>
      </symbol>
      <symbol id="sm-215">
         <name>__mspabi_srai_13</name>
         <value>0xc94e</value>
         <object_component_ref idref="oc-21e"/>
      </symbol>
      <symbol id="sm-216">
         <name>__mspabi_srai_12</name>
         <value>0xc950</value>
         <object_component_ref idref="oc-21e"/>
      </symbol>
      <symbol id="sm-217">
         <name>__mspabi_srai_11</name>
         <value>0xc952</value>
         <object_component_ref idref="oc-21e"/>
      </symbol>
      <symbol id="sm-218">
         <name>__mspabi_srai_10</name>
         <value>0xc954</value>
         <object_component_ref idref="oc-21e"/>
      </symbol>
      <symbol id="sm-221">
         <name>_stack</name>
         <value>0x3b0</value>
         <object_component_ref idref="oc-8d"/>
      </symbol>
      <symbol id="sm-222">
         <name>_reset_vector</name>
         <value>0xfffe</value>
         <object_component_ref idref="oc-90"/>
      </symbol>
      <symbol id="sm-22d">
         <name>_c_int00_noargs_noexit</name>
         <value>0xca00</value>
         <object_component_ref idref="oc-69"/>
      </symbol>
      <symbol id="sm-247">
         <name>__TI_zero_init</name>
         <value>0xca72</value>
         <object_component_ref idref="oc-4b"/>
      </symbol>
      <symbol id="sm-250">
         <name>__mspabi_func_epilog_2</name>
         <value>0xcaa4</value>
         <object_component_ref idref="oc-106"/>
      </symbol>
      <symbol id="sm-251">
         <name>__mspabi_func_epilog_3</name>
         <value>0xcaa2</value>
         <object_component_ref idref="oc-106"/>
      </symbol>
      <symbol id="sm-252">
         <name>__mspabi_func_epilog_1</name>
         <value>0xcaa6</value>
         <object_component_ref idref="oc-106"/>
      </symbol>
      <symbol id="sm-253">
         <name>__mspabi_func_epilog_6</name>
         <value>0xca9c</value>
         <object_component_ref idref="oc-106"/>
      </symbol>
      <symbol id="sm-254">
         <name>__mspabi_func_epilog_7</name>
         <value>0xca9a</value>
         <object_component_ref idref="oc-106"/>
      </symbol>
      <symbol id="sm-255">
         <name>__mspabi_func_epilog_4</name>
         <value>0xcaa0</value>
         <object_component_ref idref="oc-106"/>
      </symbol>
      <symbol id="sm-256">
         <name>__mspabi_func_epilog_5</name>
         <value>0xca9e</value>
         <object_component_ref idref="oc-106"/>
      </symbol>
      <symbol id="sm-261">
         <name>C$$EXIT</name>
         <value>0xcae4</value>
         <object_component_ref idref="oc-e5"/>
      </symbol>
      <symbol id="sm-262">
         <name>abort</name>
         <value>0xcae4</value>
         <object_component_ref idref="oc-e5"/>
      </symbol>
      <symbol id="sm-266">
         <name>__TI_int00</name>
         <value>0xffe0</value>
         <object_component_ref idref="oc-3e"/>
      </symbol>
      <symbol id="sm-269">
         <name>__TI_int02</name>
         <value>0xffe4</value>
         <object_component_ref idref="oc-3f"/>
      </symbol>
      <symbol id="sm-26c">
         <name>__TI_int03</name>
         <value>0xffe6</value>
         <object_component_ref idref="oc-40"/>
      </symbol>
      <symbol id="sm-26f">
         <name>__TI_int05</name>
         <value>0xffea</value>
         <object_component_ref idref="oc-41"/>
      </symbol>
      <symbol id="sm-272">
         <name>__TI_int06</name>
         <value>0xffec</value>
         <object_component_ref idref="oc-42"/>
      </symbol>
      <symbol id="sm-275">
         <name>__TI_int07</name>
         <value>0xffee</value>
         <object_component_ref idref="oc-43"/>
      </symbol>
      <symbol id="sm-278">
         <name>__TI_int08</name>
         <value>0xfff0</value>
         <object_component_ref idref="oc-44"/>
      </symbol>
      <symbol id="sm-27b">
         <name>__TI_int10</name>
         <value>0xfff4</value>
         <object_component_ref idref="oc-46"/>
      </symbol>
      <symbol id="sm-27e">
         <name>__TI_int11</name>
         <value>0xfff6</value>
         <object_component_ref idref="oc-47"/>
      </symbol>
      <symbol id="sm-281">
         <name>__TI_int12</name>
         <value>0xfff8</value>
         <object_component_ref idref="oc-48"/>
      </symbol>
      <symbol id="sm-284">
         <name>__TI_int13</name>
         <value>0xfffa</value>
         <object_component_ref idref="oc-49"/>
      </symbol>
      <symbol id="sm-287">
         <name>__TI_int14</name>
         <value>0xfffc</value>
         <object_component_ref idref="oc-4a"/>
      </symbol>
      <symbol id="sm-28f">
         <name>__TI_ISR_TRAP</name>
         <value>0xcada</value>
         <object_component_ref idref="oc-ab"/>
      </symbol>
      <symbol id="sm-297">
         <name>__mspabi_slli</name>
         <value>0xc96a</value>
         <object_component_ref idref="oc-1a0"/>
      </symbol>
      <symbol id="sm-298">
         <name>__mspabi_slli_9</name>
         <value>0xc982</value>
         <object_component_ref idref="oc-1a0"/>
      </symbol>
      <symbol id="sm-299">
         <name>__mspabi_slli_8</name>
         <value>0xc984</value>
         <object_component_ref idref="oc-1a0"/>
      </symbol>
      <symbol id="sm-29a">
         <name>__mspabi_slli_7</name>
         <value>0xc986</value>
         <object_component_ref idref="oc-1a0"/>
      </symbol>
      <symbol id="sm-29b">
         <name>__mspabi_slli_6</name>
         <value>0xc988</value>
         <object_component_ref idref="oc-1a0"/>
      </symbol>
      <symbol id="sm-29c">
         <name>__mspabi_slli_5</name>
         <value>0xc98a</value>
         <object_component_ref idref="oc-1a0"/>
      </symbol>
      <symbol id="sm-29d">
         <name>__mspabi_slli_4</name>
         <value>0xc98c</value>
         <object_component_ref idref="oc-1a0"/>
      </symbol>
      <symbol id="sm-29e">
         <name>__mspabi_slli_3</name>
         <value>0xc98e</value>
         <object_component_ref idref="oc-1a0"/>
      </symbol>
      <symbol id="sm-29f">
         <name>__mspabi_slli_2</name>
         <value>0xc990</value>
         <object_component_ref idref="oc-1a0"/>
      </symbol>
      <symbol id="sm-2a0">
         <name>__mspabi_slli_1</name>
         <value>0xc992</value>
         <object_component_ref idref="oc-1a0"/>
      </symbol>
      <symbol id="sm-2a1">
         <name>__mspabi_slli_15</name>
         <value>0xc976</value>
         <object_component_ref idref="oc-1a0"/>
      </symbol>
      <symbol id="sm-2a2">
         <name>__mspabi_slli_14</name>
         <value>0xc978</value>
         <object_component_ref idref="oc-1a0"/>
      </symbol>
      <symbol id="sm-2a3">
         <name>__mspabi_slli_13</name>
         <value>0xc97a</value>
         <object_component_ref idref="oc-1a0"/>
      </symbol>
      <symbol id="sm-2a4">
         <name>__mspabi_slli_12</name>
         <value>0xc97c</value>
         <object_component_ref idref="oc-1a0"/>
      </symbol>
      <symbol id="sm-2a5">
         <name>__mspabi_slli_11</name>
         <value>0xc97e</value>
         <object_component_ref idref="oc-1a0"/>
      </symbol>
      <symbol id="sm-2a6">
         <name>__mspabi_slli_10</name>
         <value>0xc980</value>
         <object_component_ref idref="oc-1a0"/>
      </symbol>
      <symbol id="sm-2ae">
         <name>__mspabi_srli_8</name>
         <value>0xc892</value>
         <object_component_ref idref="oc-214"/>
      </symbol>
      <symbol id="sm-2af">
         <name>__mspabi_srli_9</name>
         <value>0xc88e</value>
         <object_component_ref idref="oc-214"/>
      </symbol>
      <symbol id="sm-2b0">
         <name>__mspabi_srli_6</name>
         <value>0xc89a</value>
         <object_component_ref idref="oc-214"/>
      </symbol>
      <symbol id="sm-2b1">
         <name>__mspabi_srli_7</name>
         <value>0xc896</value>
         <object_component_ref idref="oc-214"/>
      </symbol>
      <symbol id="sm-2b2">
         <name>__mspabi_srli_4</name>
         <value>0xc8a2</value>
         <object_component_ref idref="oc-214"/>
      </symbol>
      <symbol id="sm-2b3">
         <name>__mspabi_srli_5</name>
         <value>0xc89e</value>
         <object_component_ref idref="oc-214"/>
      </symbol>
      <symbol id="sm-2b4">
         <name>__mspabi_srli_2</name>
         <value>0xc8aa</value>
         <object_component_ref idref="oc-214"/>
      </symbol>
      <symbol id="sm-2b5">
         <name>__mspabi_srli_3</name>
         <value>0xc8a6</value>
         <object_component_ref idref="oc-214"/>
      </symbol>
      <symbol id="sm-2b6">
         <name>__mspabi_srli_1</name>
         <value>0xc8ae</value>
         <object_component_ref idref="oc-214"/>
      </symbol>
      <symbol id="sm-2b7">
         <name>__mspabi_srli</name>
         <value>0xc868</value>
         <object_component_ref idref="oc-214"/>
      </symbol>
      <symbol id="sm-2b8">
         <name>__mspabi_srli_15</name>
         <value>0xc876</value>
         <object_component_ref idref="oc-214"/>
      </symbol>
      <symbol id="sm-2b9">
         <name>__mspabi_srli_14</name>
         <value>0xc87a</value>
         <object_component_ref idref="oc-214"/>
      </symbol>
      <symbol id="sm-2ba">
         <name>__mspabi_srli_13</name>
         <value>0xc87e</value>
         <object_component_ref idref="oc-214"/>
      </symbol>
      <symbol id="sm-2bb">
         <name>__mspabi_srli_12</name>
         <value>0xc882</value>
         <object_component_ref idref="oc-214"/>
      </symbol>
      <symbol id="sm-2bc">
         <name>__mspabi_srli_11</name>
         <value>0xc886</value>
         <object_component_ref idref="oc-214"/>
      </symbol>
      <symbol id="sm-2bd">
         <name>__mspabi_srli_10</name>
         <value>0xc88a</value>
         <object_component_ref idref="oc-214"/>
      </symbol>
      <symbol id="sm-2c9">
         <name>__mspabi_mpyi_sw</name>
         <value>0xca86</value>
         <object_component_ref idref="oc-1d6"/>
      </symbol>
      <symbol id="sm-2ca">
         <name>__mspabi_mpyi</name>
         <value>0xca86</value>
         <object_component_ref idref="oc-1d6"/>
      </symbol>
      <symbol id="sm-2d3">
         <name>_system_pre_init</name>
         <value>0xcae0</value>
         <object_component_ref idref="oc-bd"/>
      </symbol>
      <symbol id="sm-2ed">
         <name>_auto_init</name>
         <value>0xc810</value>
         <object_component_ref idref="oc-c3"/>
      </symbol>
      <symbol id="sm-2f0">
         <name>__TI_INITARRAY_Base</name>
         <value>0x0</value>
      </symbol>
      <symbol id="sm-2f1">
         <name>__TI_INITARRAY_Limit</name>
         <value>0x0</value>
      </symbol>
      <symbol id="sm-2f2">
         <name>ConfigureLEDDisplay</name>
         <value>0xc8e4</value>
      </symbol>
   </symbol_table>
   <title>Link successful</title>
</link_info>
