******************************************************************************
                  MSP430 Linker PC v4.4.5                      
******************************************************************************
>> Linked Tue May 10 07:19:52 2016

OUTPUT FILE NAME:   <FinalProject.out>
ENTRY POINT SYMBOL: "_c_int00_noargs_noexit"  address: 0000d2ea


MEMORY CONFIGURATION

         name            origin    length      used     unused   attr    fill
----------------------  --------  ---------  --------  --------  ----  --------
  SFR                   00000000   00000010  00000000  00000010  RWIX
  PERIPHERALS_8BIT      00000010   000000f0  00000000  000000f0  RWIX
  PERIPHERALS_16BIT     00000100   00000100  00000000  00000100  RWIX
  RAM                   00000200   00000200  000000f1  0000010f  RWIX
  INFOD                 00001000   00000040  00000000  00000040  RWIX
  INFOC                 00001040   00000040  00000000  00000040  RWIX
  INFOB                 00001080   00000040  00000000  00000040  RWIX
  INFOA                 000010c0   00000040  00000000  00000040  RWIX
  FLASH                 0000c000   00003fde  000014b5  00002b29  RWIX
  BSLSIGNATURE          0000ffde   00000002  00000002  00000000  RWIX  ffff 
  INT00                 0000ffe0   00000002  00000002  00000000  RWIX
  INT01                 0000ffe2   00000002  00000000  00000002  RWIX
  INT02                 0000ffe4   00000002  00000002  00000000  RWIX
  INT03                 0000ffe6   00000002  00000002  00000000  RWIX
  INT04                 0000ffe8   00000002  00000000  00000002  RWIX
  INT05                 0000ffea   00000002  00000002  00000000  RWIX
  INT06                 0000ffec   00000002  00000002  00000000  RWIX
  INT07                 0000ffee   00000002  00000002  00000000  RWIX
  INT08                 0000fff0   00000002  00000002  00000000  RWIX
  INT09                 0000fff2   00000002  00000002  00000000  RWIX
  INT10                 0000fff4   00000002  00000002  00000000  RWIX
  INT11                 0000fff6   00000002  00000002  00000000  RWIX
  INT12                 0000fff8   00000002  00000002  00000000  RWIX
  INT13                 0000fffa   00000002  00000002  00000000  RWIX
  INT14                 0000fffc   00000002  00000002  00000000  RWIX
  RESET                 0000fffe   00000002  00000002  00000000  RWIX


SECTION ALLOCATION MAP

 output                                  attributes/
section   page    origin      length       input sections
--------  ----  ----------  ----------   ----------------
.bss       0    00000200    00000099     UNINITIALIZED
                  00000200    00000030     (.common:circularBuffer)
                  00000230    00000016     (.common:gPushButton)
                  00000246    00000010     (.common:sample)
                  00000256    00000008     (.common:arrayDAC)
                  0000025e    00000006     (.common:average)
                  00000264    00000006     (.common:calibratedMAX)
                  0000026a    00000006     (.common:calibratedMIN)
                  00000270    00000006     (.common:calibratedZero)
                  00000276    00000006     (.common:runningSum)
                  0000027c    00000006     (.common:xyzCoordinates)
                  00000282    00000004     (.common:angles)
                  00000286    00000003     (.common:them)
                  00000289    00000003     (.common:us)
                  0000028c    00000002     (.common:bufferPointer)
                  0000028e    00000002     (.common:g250usTimer)
                  00000290    00000002     (.common:indx)
                  00000292    00000002     (.common:sendBuffer)
                  00000294    00000002     (.common:target)
                  00000296    00000001     (.common:gameData)
                  00000297    00000001     (.common:masterSlave)
                  00000298    00000001     (.common:scoreTimer)

.data      0    0000029a    00000008     UNINITIALIZED
                  0000029a    00000004     rts430_eabi.lib : rand.obj (.data)
                  0000029e    00000002                     : _lock.obj (.data:_lock)
                  000002a0    00000002                     : _lock.obj (.data:_unlock)

.TI.persistent 
*          0    0000029a    00000000     UNINITIALIZED

.stack     0    000003b0    00000050     UNINITIALIZED
                  000003b0    00000002     rts430_eabi.lib : boot.obj (.stack)
                  000003b2    0000004e     --HOLE--

.text      0    0000c000    00001468     
                  0000c000    00000192     TISendData.obj (.text:TISendListGetCalc)
                  0000c192    00000108     CORDIC.obj (.text:getDisplaySetting)
                  0000c29a    000000fc     calibrate.obj (.text:Calibrate)
                  0000c396    000000e4     UART.obj (.text:ConfigureUART)
                  0000c47a    000000d0     TIVar.obj (.text:UnsignedCharToTIReal)
                  0000c54a    000000ca     Game.obj (.text:updateLocationOnTilt)
                  0000c614    000000c0     TI_IO.obj (.text:TISendByte)
                  0000c6d4    000000be     main.obj (.text:main)
                  0000c792    000000b6     main.obj (.text:InitializeGlobalVariables)
                  0000c848    000000a8     DAC.obj (.text:UpdateDACs)
                  0000c8f0    000000a2     TI_IO.obj (.text:TIReceiveByte)
                  0000c992    000000a0     TI_IO.obj (.text:TIReceivePacket)
                  0000ca32    0000008e     filter.obj (.text:filter)
                  0000cac0    0000008e     CORDIC.obj (.text:findQuadrantAngle)
                  0000cb4e    0000008a     debounce.obj (.text:Debouncer)
                  0000cbd8    00000088     TI_IO.obj (.text:TISendPacket)
                  0000cc60    0000006a     debounce.obj (.text:InitializeSwitch)
                  0000ccca    00000064     rts430_eabi.lib : copy_decompress_rle.obj (.text:__TI_decompress_rle_core)
                  0000cd2e    0000005c     Game.obj (.text:targetCheck)
                  0000cd8a    00000058     rts430_eabi.lib : autoinit.obj (.text:_auto_init)
                  0000cde2    00000052     UART.obj (.text:UARTlose)
                  0000ce34    00000052     UART.obj (.text:UARTwin)
                  0000ce86    0000004c     Game.obj (.text:getTiltMultiplier)
                  0000ced2    0000004c     rts430_eabi.lib : lsr16.obj (.text)
                  0000cf1e    0000004c     Game.obj (.text:updateDisplay)
                  0000cf6a    00000046     Game.obj (.text:initializeGame)
                  0000cfb0    00000044     SPI.obj (.text:ConfigureSPI)
                  0000cff4    00000042     Game.obj (.text:moveUs)
                  0000d036    0000003c     timerA1.obj (.text:Timer1_A0)
                  0000d072    00000038     rts430_eabi.lib : rand.obj (.text:rand)
                  0000d0aa    00000038     UART.obj (.text:sendScores)
                  0000d0e2    00000030     Game.obj (.text:moveTarget)
                  0000d112    0000002c     ADC.obj (.text:ConfigureADC)
                  0000d13e    0000002c     rts430_eabi.lib : asr16.obj (.text)
                  0000d16a    0000002c                     : lsl16.obj (.text)
                  0000d196    0000002a     CORDIC.obj (.text:getQuad)
                  0000d1c0    00000026     TI_IO.obj (.text:TIInitializePins)
                  0000d1e6    00000026     TI_IO.obj (.text:TIResetPins)
                  0000d20c    00000026     CORDIC.obj (.text:findTotalAngle)
                  0000d232    00000026     rts430_eabi.lib : mult32.obj (.text)
                  0000d258    00000022     UART.obj (.text:setCursor)
                  0000d27a    0000001e     timerA.obj (.text:periodicTimerA0Interrupt)
                  0000d298    0000001e     UART.obj (.text:sendUARTByte)
                  0000d2b6    0000001a     PTP.obj (.text:PTPInitializePins)
                  0000d2d0    0000001a     calibrate.obj (.text:WaitButtonPress)
                  0000d2ea    0000001a     rts430_eabi.lib : boot_special.obj (.text:_c_int00_noargs_noexit)
                  0000d304    00000018     ADC.obj (.text:GetSamples)
                  0000d31c    00000016     ADC.obj (.text:GetFilteredSample)
                  0000d332    00000016     debounce.obj (.text:GetSwitch)
                  0000d348    00000014     timerA1.obj (.text:ConfigureTimerA1)
                  0000d35c    00000014     timerA.obj (.text:Timer0_A3_initial)
                  0000d370    00000014     rts430_eabi.lib : copy_zero_init.obj (.text:decompress:ZI:__TI_zero_init)
                  0000d384    00000014                     : memset.obj (.text:memset)
                  0000d398    00000014                     : mult16.obj (.text)
                  0000d3ac    00000012                     : copy_decompress_none.obj (.text:decompress:none:__TI_decompress_none)
                  0000d3be    00000012                     : memcpy.obj (.text:memcpy)
                  0000d3d0    00000012     Game.obj (.text:randY)
                  0000d3e2    00000012     UART.obj (.text:setCursorUnreachable)
                  0000d3f4    00000010     UART.obj (.text:clear)
                  0000d404    00000010     rts430_eabi.lib : epilog.obj (.text)
                  0000d414    0000000e     main.obj (.text:ConfigureClockModule)
                  0000d422    0000000e     CORDIC.obj (.text:setCoordinates)
                  0000d430    0000000c     Game.obj (.text:randNum)
                  0000d43c    0000000c     Game.obj (.text:randX)
                  0000d448    0000000a     Game.obj (.text:initializePoint)
                  0000d452    00000006     rts430_eabi.lib : isr_trap.obj (.text:_isr:__TI_ISR_TRAP)
                  0000d458    00000006                     : copy_decompress_rle.obj (.text:decompress:rle24:__TI_decompress_rle24)
                  0000d45e    00000004                     : pre_init.obj (.text:_system_pre_init)
                  0000d462    00000004                     : exit.obj (.text:abort)
                  0000d466    00000002                     : _lock.obj (.text:_nop)

.const     0    0000d468    0000002f     
                  0000d468    00000010     CORDIC.obj (.const:COSSCALE)
                  0000d478    00000010     CORDIC.obj (.const:TANANGLES)
                  0000d488    00000007     Game.obj (.const:.string:$P$T0$1)
                  0000d48f    00000001     --HOLE-- [fill = 0]
                  0000d490    00000007     calibrate.obj (.const:.string:$P$T0$1)

.cinit     0    0000d498    0000001e     
                  0000d498    0000000c     (.cinit..data.load) [load image]
                  0000d4a4    00000006     (__TI_handler_table)
                  0000d4aa    00000004     (.cinit..bss.load) [load image, compression = zero_init]
                  0000d4ae    00000008     (__TI_cinit_table)

.init_array 
*          0    0000c000    00000000     UNINITIALIZED

TRAPINT    0    0000ffe0    00000002     
                  0000ffe0    00000002     rts430_eabi.lib : int00.obj (.int00)

$fill000   0    0000ffde    00000002     
                  0000ffde    00000002     --HOLE-- [fill = ffff]

PORT1      0    0000ffe4    00000002     
                  0000ffe4    00000002     rts430_eabi.lib : int02.obj (.int02)

PORT2      0    0000ffe6    00000002     
                  0000ffe6    00000002     rts430_eabi.lib : int03.obj (.int03)

ADC10      0    0000ffea    00000002     
                  0000ffea    00000002     rts430_eabi.lib : int05.obj (.int05)

USCIAB0TX 
*          0    0000ffec    00000002     
                  0000ffec    00000002     rts430_eabi.lib : int06.obj (.int06)

USCIAB0RX 
*          0    0000ffee    00000002     
                  0000ffee    00000002     rts430_eabi.lib : int07.obj (.int07)

TIMER0_A1 
*          0    0000fff0    00000002     
                  0000fff0    00000002     rts430_eabi.lib : int08.obj (.int08)

TIMER0_A0 
*          0    0000fff2    00000002     
                  0000fff2    00000002     timerA.obj (.int09)

WDT        0    0000fff4    00000002     
                  0000fff4    00000002     rts430_eabi.lib : int10.obj (.int10)

COMPARATORA 
*          0    0000fff6    00000002     
                  0000fff6    00000002     rts430_eabi.lib : int11.obj (.int11)

TIMER1_A1 
*          0    0000fff8    00000002     
                  0000fff8    00000002     rts430_eabi.lib : int12.obj (.int12)

TIMER1_A0 
*          0    0000fffa    00000002     
                  0000fffa    00000002     timerA1.obj (.int13)

NMI        0    0000fffc    00000002     
                  0000fffc    00000002     rts430_eabi.lib : int14.obj (.int14)

.reset     0    0000fffe    00000002     
                  0000fffe    00000002     rts430_eabi.lib : boot.obj (.reset)


LINKER GENERATED COPY TABLES

__TI_cinit_table @ 0000d4ae records: 2, size/record: 4, table size: 8
	.data: load addr=0000d498, load size=0000000c bytes, run addr=0000029a, run size=00000008 bytes, compression=copy
	.bss: load addr=0000d4aa, load size=00000004 bytes, run addr=00000200, run size=00000099 bytes, compression=zero_init


LINKER GENERATED HANDLER TABLE

__TI_handler_table @ 0000d4a4 records: 3, size/record: 2, table size: 6
	index: 0, handler: __TI_zero_init
	index: 1, handler: __TI_decompress_rle24
	index: 2, handler: __TI_decompress_none


GLOBAL SYMBOLS: SORTED ALPHABETICALLY BY Name 

address   name                     
-------   ----                     
0000004a  ADC10AE0                 
000001b0  ADC10CTL0                
000001b2  ADC10CTL1                
00000048  ADC10DTC0                
00000049  ADC10DTC1                
000001b4  ADC10MEM                 
000001bc  ADC10SA                  
00000057  BCSCTL1                  
00000058  BCSCTL2                  
00000053  BCSCTL3                  
0000d462  C$$EXIT                  
00000059  CACTL1                   
0000005a  CACTL2                   
000010fb  CALBC1_12MHZ             
000010f9  CALBC1_16MHZ             
000010ff  CALBC1_1MHZ              
000010fd  CALBC1_8MHZ              
000010fa  CALDCO_12MHZ             
000010f8  CALDCO_16MHZ             
000010fe  CALDCO_1MHZ              
000010fc  CALDCO_8MHZ              
0000005b  CAPD                     
0000d468  COSSCALE                 
0000c29a  Calibrate                
0000d112  ConfigureADC             
0000d414  ConfigureClockModule     
0000cfb0  ConfigureSPI             
0000d35c  ConfigureTimerA          
0000d348  ConfigureTimerA1         
0000c396  ConfigureUART            
00000056  DCOCTL                   
0000cb4e  Debouncer                
00000128  FCTL1                    
0000012a  FCTL2                    
0000012c  FCTL3                    
0000d31c  GetFilteredSample        
0000d304  GetSamples               
0000d332  GetSwitch                
00000000  IE1                      
00000001  IE2                      
00000002  IFG1                     
00000003  IFG2                     
0000c792  InitializeGlobalVariables
0000cc60  InitializeSwitch         
00000022  P1DIR                    
00000025  P1IE                     
00000024  P1IES                    
00000023  P1IFG                    
00000020  P1IN                     
00000021  P1OUT                    
00000027  P1REN                    
00000026  P1SEL                    
00000041  P1SEL2                   
0000002a  P2DIR                    
0000002d  P2IE                     
0000002c  P2IES                    
0000002b  P2IFG                    
00000028  P2IN                     
00000029  P2OUT                    
0000002f  P2REN                    
0000002e  P2SEL                    
00000042  P2SEL2                   
0000001a  P3DIR                    
00000018  P3IN                     
00000019  P3OUT                    
00000010  P3REN                    
0000001b  P3SEL                    
00000043  P3SEL2                   
0000d2b6  PTPInitializePins        
00000172  TA0CCR0                  
00000174  TA0CCR1                  
00000176  TA0CCR2                  
00000162  TA0CCTL0                 
00000164  TA0CCTL1                 
00000166  TA0CCTL2                 
00000160  TA0CTL                   
0000012e  TA0IV                    
00000170  TA0R                     
00000192  TA1CCR0                  
00000194  TA1CCR1                  
00000196  TA1CCR2                  
00000182  TA1CCTL0                 
00000184  TA1CCTL1                 
00000186  TA1CCTL2                 
00000180  TA1CTL                   
0000011e  TA1IV                    
00000190  TA1R                     
0000d478  TANANGLES                
0000d1c0  TIInitializePins         
0000c8f0  TIReceiveByte            
0000c992  TIReceivePacket          
0000d1e6  TIResetPins              
0000c614  TISendByte               
0000c000  TISendListGetCalc        
0000cbd8  TISendPacket             
000010db  TLV_ADC10_1_LEN          
000010da  TLV_ADC10_1_TAG          
000010c0  TLV_CHECKSUM             
000010f7  TLV_DCO_30_LEN           
000010f6  TLV_DCO_30_TAG           
0000d35c  Timer0_A3_initial        
0000d036  Timer1_A0                
0000cde2  UARTlose                 
0000ce34  UARTwin                  
0000005d  UCA0ABCTL                
00000062  UCA0BR0                  
00000063  UCA0BR1                  
00000060  UCA0CTL0                 
00000061  UCA0CTL1                 
0000005f  UCA0IRRCTL               
0000005e  UCA0IRTCTL               
00000064  UCA0MCTL                 
00000066  UCA0RXBUF                
00000065  UCA0STAT                 
00000067  UCA0TXBUF                
0000006a  UCB0BR0                  
0000006b  UCB0BR1                  
00000068  UCB0CTL0                 
00000069  UCB0CTL1                 
0000006c  UCB0I2CIE                
00000118  UCB0I2COA                
0000011a  UCB0I2CSA                
0000006e  UCB0RXBUF                
0000006d  UCB0STAT                 
0000006f  UCB0TXBUF                
0000c47a  UnsignedCharToTIReal     
0000c848  UpdateDACs               
00000120  WDTCTL                   
0000d2d0  WaitButtonPress          
00000400  __STACK_END              
00000050  __STACK_SIZE             
0000d4ae  __TI_CINIT_Base          
0000d4b6  __TI_CINIT_Limit         
0000d4a4  __TI_Handler_Table_Base  
0000d4aa  __TI_Handler_Table_Limit 
UNDEFED   __TI_INITARRAY_Base      
UNDEFED   __TI_INITARRAY_Limit     
0000d452  __TI_ISR_TRAP            
0000d3ac  __TI_decompress_none     
0000d458  __TI_decompress_rle24    
0000ffe0  __TI_int00               
0000ffe4  __TI_int02               
0000ffe6  __TI_int03               
0000ffea  __TI_int05               
0000ffec  __TI_int06               
0000ffee  __TI_int07               
0000fff0  __TI_int08               
0000fff2  __TI_int09               
0000fff4  __TI_int10               
0000fff6  __TI_int11               
0000fff8  __TI_int12               
0000fffa  __TI_int13               
0000fffc  __TI_int14               
0000d370  __TI_zero_init           
ffffffff  __binit__                
ffffffff  __c_args__               
0000d410  __mspabi_func_epilog_1   
0000d40e  __mspabi_func_epilog_2   
0000d40c  __mspabi_func_epilog_3   
0000d40a  __mspabi_func_epilog_4   
0000d408  __mspabi_func_epilog_5   
0000d406  __mspabi_func_epilog_6   
0000d404  __mspabi_func_epilog_7   
0000d398  __mspabi_mpyi            
0000d398  __mspabi_mpyi_sw         
0000d232  __mspabi_mpyl            
0000d232  __mspabi_mpyl_sw         
0000d16a  __mspabi_slli            
0000d192  __mspabi_slli_1          
0000d180  __mspabi_slli_10         
0000d17e  __mspabi_slli_11         
0000d17c  __mspabi_slli_12         
0000d17a  __mspabi_slli_13         
0000d178  __mspabi_slli_14         
0000d176  __mspabi_slli_15         
0000d190  __mspabi_slli_2          
0000d18e  __mspabi_slli_3          
0000d18c  __mspabi_slli_4          
0000d18a  __mspabi_slli_5          
0000d188  __mspabi_slli_6          
0000d186  __mspabi_slli_7          
0000d184  __mspabi_slli_8          
0000d182  __mspabi_slli_9          
0000d13e  __mspabi_srai            
0000d166  __mspabi_srai_1          
0000d154  __mspabi_srai_10         
0000d152  __mspabi_srai_11         
0000d150  __mspabi_srai_12         
0000d14e  __mspabi_srai_13         
0000d14c  __mspabi_srai_14         
0000d14a  __mspabi_srai_15         
0000d164  __mspabi_srai_2          
0000d162  __mspabi_srai_3          
0000d160  __mspabi_srai_4          
0000d15e  __mspabi_srai_5          
0000d15c  __mspabi_srai_6          
0000d15a  __mspabi_srai_7          
0000d158  __mspabi_srai_8          
0000d156  __mspabi_srai_9          
0000ced2  __mspabi_srli            
0000cf18  __mspabi_srli_1          
0000cef4  __mspabi_srli_10         
0000cef0  __mspabi_srli_11         
0000ceec  __mspabi_srli_12         
0000cee8  __mspabi_srli_13         
0000cee4  __mspabi_srli_14         
0000cee0  __mspabi_srli_15         
0000cf14  __mspabi_srli_2          
0000cf10  __mspabi_srli_3          
0000cf0c  __mspabi_srli_4          
0000cf08  __mspabi_srli_5          
0000cf04  __mspabi_srli_6          
0000cf00  __mspabi_srli_7          
0000cefc  __mspabi_srli_8          
0000cef8  __mspabi_srli_9          
0000cd8a  _auto_init               
0000d2ea  _c_int00_noargs_noexit   
0000029e  _lock                    
0000d466  _nop                     
0000fffe  _reset_vector            
000003b0  _stack                   
0000d45e  _system_pre_init         
000002a0  _unlock                  
0000d462  abort                    
00000282  angles                   
00000256  arrayDAC                 
0000025e  average                  
ffffffff  binit                    
0000028c  bufferPointer            
00000264  calibratedMAX            
0000026a  calibratedMIN            
00000270  calibratedZero           
00000200  circularBuffer           
0000d3f4  clear                    
0000ca32  filter                   
0000cac0  findQuadrantAngle        
0000d20c  findTotalAngle           
0000028e  g250usTimer              
00000230  gPushButton              
00000296  gameData                 
0000c192  getDisplaySetting        
0000d196  getQuad                  
0000ce86  getTiltMultiplier        
00000290  indx                     
0000cf6a  initializeGame           
0000d448  initializePoint          
0000c6d4  main                     
00000297  masterSlave              
0000d3be  memcpy                   
0000d384  memset                   
0000d0e2  moveTarget               
0000cff4  moveUs                   
0000d27a  periodicTimerA0Interrupt 
0000d072  rand                     
0000d430  randNum                  
0000d43c  randX                    
0000d3d0  randY                    
00000276  runningSum               
00000246  sample                   
00000298  scoreTimer               
00000292  sendBuffer               
0000d0aa  sendScores               
0000d298  sendUARTByte             
0000d422  setCoordinates           
0000d258  setCursor                
0000d3e2  setCursorUnreachable     
00000294  target                   
0000cd2e  targetCheck              
00000286  them                     
0000cf1e  updateDisplay            
0000c54a  updateLocationOnTilt     
00000289  us                       
0000027c  xyzCoordinates           


GLOBAL SYMBOLS: SORTED BY Symbol Address 

address   name                     
-------   ----                     
00000000  IE1                      
00000001  IE2                      
00000002  IFG1                     
00000003  IFG2                     
00000010  P3REN                    
00000018  P3IN                     
00000019  P3OUT                    
0000001a  P3DIR                    
0000001b  P3SEL                    
00000020  P1IN                     
00000021  P1OUT                    
00000022  P1DIR                    
00000023  P1IFG                    
00000024  P1IES                    
00000025  P1IE                     
00000026  P1SEL                    
00000027  P1REN                    
00000028  P2IN                     
00000029  P2OUT                    
0000002a  P2DIR                    
0000002b  P2IFG                    
0000002c  P2IES                    
0000002d  P2IE                     
0000002e  P2SEL                    
0000002f  P2REN                    
00000041  P1SEL2                   
00000042  P2SEL2                   
00000043  P3SEL2                   
00000048  ADC10DTC0                
00000049  ADC10DTC1                
0000004a  ADC10AE0                 
00000050  __STACK_SIZE             
00000053  BCSCTL3                  
00000056  DCOCTL                   
00000057  BCSCTL1                  
00000058  BCSCTL2                  
00000059  CACTL1                   
0000005a  CACTL2                   
0000005b  CAPD                     
0000005d  UCA0ABCTL                
0000005e  UCA0IRTCTL               
0000005f  UCA0IRRCTL               
00000060  UCA0CTL0                 
00000061  UCA0CTL1                 
00000062  UCA0BR0                  
00000063  UCA0BR1                  
00000064  UCA0MCTL                 
00000065  UCA0STAT                 
00000066  UCA0RXBUF                
00000067  UCA0TXBUF                
00000068  UCB0CTL0                 
00000069  UCB0CTL1                 
0000006a  UCB0BR0                  
0000006b  UCB0BR1                  
0000006c  UCB0I2CIE                
0000006d  UCB0STAT                 
0000006e  UCB0RXBUF                
0000006f  UCB0TXBUF                
00000118  UCB0I2COA                
0000011a  UCB0I2CSA                
0000011e  TA1IV                    
00000120  WDTCTL                   
00000128  FCTL1                    
0000012a  FCTL2                    
0000012c  FCTL3                    
0000012e  TA0IV                    
00000160  TA0CTL                   
00000162  TA0CCTL0                 
00000164  TA0CCTL1                 
00000166  TA0CCTL2                 
00000170  TA0R                     
00000172  TA0CCR0                  
00000174  TA0CCR1                  
00000176  TA0CCR2                  
00000180  TA1CTL                   
00000182  TA1CCTL0                 
00000184  TA1CCTL1                 
00000186  TA1CCTL2                 
00000190  TA1R                     
00000192  TA1CCR0                  
00000194  TA1CCR1                  
00000196  TA1CCR2                  
000001b0  ADC10CTL0                
000001b2  ADC10CTL1                
000001b4  ADC10MEM                 
000001bc  ADC10SA                  
00000200  circularBuffer           
00000230  gPushButton              
00000246  sample                   
00000256  arrayDAC                 
0000025e  average                  
00000264  calibratedMAX            
0000026a  calibratedMIN            
00000270  calibratedZero           
00000276  runningSum               
0000027c  xyzCoordinates           
00000282  angles                   
00000286  them                     
00000289  us                       
0000028c  bufferPointer            
0000028e  g250usTimer              
00000290  indx                     
00000292  sendBuffer               
00000294  target                   
00000296  gameData                 
00000297  masterSlave              
00000298  scoreTimer               
0000029e  _lock                    
000002a0  _unlock                  
000003b0  _stack                   
00000400  __STACK_END              
000010c0  TLV_CHECKSUM             
000010da  TLV_ADC10_1_TAG          
000010db  TLV_ADC10_1_LEN          
000010f6  TLV_DCO_30_TAG           
000010f7  TLV_DCO_30_LEN           
000010f8  CALDCO_16MHZ             
000010f9  CALBC1_16MHZ             
000010fa  CALDCO_12MHZ             
000010fb  CALBC1_12MHZ             
000010fc  CALDCO_8MHZ              
000010fd  CALBC1_8MHZ              
000010fe  CALDCO_1MHZ              
000010ff  CALBC1_1MHZ              
0000c000  TISendListGetCalc        
0000c192  getDisplaySetting        
0000c29a  Calibrate                
0000c396  ConfigureUART            
0000c47a  UnsignedCharToTIReal     
0000c54a  updateLocationOnTilt     
0000c614  TISendByte               
0000c6d4  main                     
0000c792  InitializeGlobalVariables
0000c848  UpdateDACs               
0000c8f0  TIReceiveByte            
0000c992  TIReceivePacket          
0000ca32  filter                   
0000cac0  findQuadrantAngle        
0000cb4e  Debouncer                
0000cbd8  TISendPacket             
0000cc60  InitializeSwitch         
0000cd2e  targetCheck              
0000cd8a  _auto_init               
0000cde2  UARTlose                 
0000ce34  UARTwin                  
0000ce86  getTiltMultiplier        
0000ced2  __mspabi_srli            
0000cee0  __mspabi_srli_15         
0000cee4  __mspabi_srli_14         
0000cee8  __mspabi_srli_13         
0000ceec  __mspabi_srli_12         
0000cef0  __mspabi_srli_11         
0000cef4  __mspabi_srli_10         
0000cef8  __mspabi_srli_9          
0000cefc  __mspabi_srli_8          
0000cf00  __mspabi_srli_7          
0000cf04  __mspabi_srli_6          
0000cf08  __mspabi_srli_5          
0000cf0c  __mspabi_srli_4          
0000cf10  __mspabi_srli_3          
0000cf14  __mspabi_srli_2          
0000cf18  __mspabi_srli_1          
0000cf1e  updateDisplay            
0000cf6a  initializeGame           
0000cfb0  ConfigureSPI             
0000cff4  moveUs                   
0000d036  Timer1_A0                
0000d072  rand                     
0000d0aa  sendScores               
0000d0e2  moveTarget               
0000d112  ConfigureADC             
0000d13e  __mspabi_srai            
0000d14a  __mspabi_srai_15         
0000d14c  __mspabi_srai_14         
0000d14e  __mspabi_srai_13         
0000d150  __mspabi_srai_12         
0000d152  __mspabi_srai_11         
0000d154  __mspabi_srai_10         
0000d156  __mspabi_srai_9          
0000d158  __mspabi_srai_8          
0000d15a  __mspabi_srai_7          
0000d15c  __mspabi_srai_6          
0000d15e  __mspabi_srai_5          
0000d160  __mspabi_srai_4          
0000d162  __mspabi_srai_3          
0000d164  __mspabi_srai_2          
0000d166  __mspabi_srai_1          
0000d16a  __mspabi_slli            
0000d176  __mspabi_slli_15         
0000d178  __mspabi_slli_14         
0000d17a  __mspabi_slli_13         
0000d17c  __mspabi_slli_12         
0000d17e  __mspabi_slli_11         
0000d180  __mspabi_slli_10         
0000d182  __mspabi_slli_9          
0000d184  __mspabi_slli_8          
0000d186  __mspabi_slli_7          
0000d188  __mspabi_slli_6          
0000d18a  __mspabi_slli_5          
0000d18c  __mspabi_slli_4          
0000d18e  __mspabi_slli_3          
0000d190  __mspabi_slli_2          
0000d192  __mspabi_slli_1          
0000d196  getQuad                  
0000d1c0  TIInitializePins         
0000d1e6  TIResetPins              
0000d20c  findTotalAngle           
0000d232  __mspabi_mpyl            
0000d232  __mspabi_mpyl_sw         
0000d258  setCursor                
0000d27a  periodicTimerA0Interrupt 
0000d298  sendUARTByte             
0000d2b6  PTPInitializePins        
0000d2d0  WaitButtonPress          
0000d2ea  _c_int00_noargs_noexit   
0000d304  GetSamples               
0000d31c  GetFilteredSample        
0000d332  GetSwitch                
0000d348  ConfigureTimerA1         
0000d35c  ConfigureTimerA          
0000d35c  Timer0_A3_initial        
0000d370  __TI_zero_init           
0000d384  memset                   
0000d398  __mspabi_mpyi            
0000d398  __mspabi_mpyi_sw         
0000d3ac  __TI_decompress_none     
0000d3be  memcpy                   
0000d3d0  randY                    
0000d3e2  setCursorUnreachable     
0000d3f4  clear                    
0000d404  __mspabi_func_epilog_7   
0000d406  __mspabi_func_epilog_6   
0000d408  __mspabi_func_epilog_5   
0000d40a  __mspabi_func_epilog_4   
0000d40c  __mspabi_func_epilog_3   
0000d40e  __mspabi_func_epilog_2   
0000d410  __mspabi_func_epilog_1   
0000d414  ConfigureClockModule     
0000d422  setCoordinates           
0000d430  randNum                  
0000d43c  randX                    
0000d448  initializePoint          
0000d452  __TI_ISR_TRAP            
0000d458  __TI_decompress_rle24    
0000d45e  _system_pre_init         
0000d462  C$$EXIT                  
0000d462  abort                    
0000d466  _nop                     
0000d468  COSSCALE                 
0000d478  TANANGLES                
0000d4a4  __TI_Handler_Table_Base  
0000d4aa  __TI_Handler_Table_Limit 
0000d4ae  __TI_CINIT_Base          
0000d4b6  __TI_CINIT_Limit         
0000ffe0  __TI_int00               
0000ffe4  __TI_int02               
0000ffe6  __TI_int03               
0000ffea  __TI_int05               
0000ffec  __TI_int06               
0000ffee  __TI_int07               
0000fff0  __TI_int08               
0000fff2  __TI_int09               
0000fff4  __TI_int10               
0000fff6  __TI_int11               
0000fff8  __TI_int12               
0000fffa  __TI_int13               
0000fffc  __TI_int14               
0000fffe  _reset_vector            
ffffffff  __binit__                
ffffffff  __c_args__               
ffffffff  binit                    
UNDEFED   __TI_INITARRAY_Base      
UNDEFED   __TI_INITARRAY_Limit     

[273 symbols]
