******************************************************************************
                  MSP430 Linker PC v4.4.5                      
******************************************************************************
>> Linked Mon May 09 15:52:57 2016

OUTPUT FILE NAME:   <FinalProject.out>
ENTRY POINT SYMBOL: "_c_int00_noargs_noexit"  address: 0000d1aa


MEMORY CONFIGURATION

         name            origin    length      used     unused   attr    fill
----------------------  --------  ---------  --------  --------  ----  --------
  SFR                   00000000   00000010  00000000  00000010  RWIX
  PERIPHERALS_8BIT      00000010   000000f0  00000000  000000f0  RWIX
  PERIPHERALS_16BIT     00000100   00000100  00000000  00000100  RWIX
  RAM                   00000200   00000200  000000e5  0000011b  RWIX
  INFOD                 00001000   00000040  00000000  00000040  RWIX
  INFOC                 00001040   00000040  00000000  00000040  RWIX
  INFOB                 00001080   00000040  00000000  00000040  RWIX
  INFOA                 000010c0   00000040  00000000  00000040  RWIX
  FLASH                 0000c000   00003fde  0000135b  00002c83  RWIX
  BSLSIGNATURE          0000ffde   00000002  00000002  00000000  RWIX  ffff 
  INT00                 0000ffe0   00000002  00000002  00000000  RWIX
  INT01                 0000ffe2   00000002  00000000  00000002  RWIX
  INT02                 0000ffe4   00000002  00000002  00000000  RWIX
  INT03                 0000ffe6   00000002  00000002  00000000  RWIX
  INT04                 0000ffe8   00000002  00000000  00000002  RWIX
  INT05                 0000ffea   00000002  00000002  00000000  RWIX
  INT06                 0000ffec   00000002  00000002  00000000  RWIX
  INT07                 0000ffee   00000002  00000002  00000000  RWIX
  INT08                 0000fff0   00000002  00000002  00000000  RWIX
  INT09                 0000fff2   00000002  00000002  00000000  RWIX
  INT10                 0000fff4   00000002  00000002  00000000  RWIX
  INT11                 0000fff6   00000002  00000002  00000000  RWIX
  INT12                 0000fff8   00000002  00000002  00000000  RWIX
  INT13                 0000fffa   00000002  00000002  00000000  RWIX
  INT14                 0000fffc   00000002  00000002  00000000  RWIX
  RESET                 0000fffe   00000002  00000002  00000000  RWIX


SECTION ALLOCATION MAP

 output                                  attributes/
section   page    origin      length       input sections
--------  ----  ----------  ----------   ----------------
.bss       0    00000200    0000008d     UNINITIALIZED
                  00000200    00000030     (.common:circularBuffer)
                  00000230    00000016     (.common:gPushButton)
                  00000246    00000010     (.common:sample)
                  00000256    00000006     (.common:average)
                  0000025c    00000006     (.common:calibratedMAX)
                  00000262    00000006     (.common:calibratedMIN)
                  00000268    00000006     (.common:calibratedZero)
                  0000026e    00000006     (.common:runningSum)
                  00000274    00000006     (.common:xyzCoordinates)
                  0000027a    00000004     (.common:angles)
                  0000027e    00000003     (.common:them)
                  00000281    00000003     (.common:us)
                  00000284    00000002     (.common:bufferPointer)
                  00000286    00000002     (.common:g250usTimer)
                  00000288    00000002     (.common:target)
                  0000028a    00000001     (.common:gameData)
                  0000028b    00000001     (.common:masterSlave)
                  0000028c    00000001     (.common:scoreTimer)

.data      0    0000028e    00000008     UNINITIALIZED
                  0000028e    00000004     rts430_eabi.lib : rand.obj (.data)
                  00000292    00000002                     : _lock.obj (.data:_lock)
                  00000294    00000002                     : _lock.obj (.data:_unlock)

.TI.persistent 
*          0    0000028e    00000000     UNINITIALIZED

.stack     0    000003b0    00000050     UNINITIALIZED
                  000003b0    00000002     rts430_eabi.lib : boot.obj (.stack)
                  000003b2    0000004e     --HOLE--

.text      0    0000c000    0000130e     
                  0000c000    00000192     TISendData.obj (.text:TISendListGetCalc)
                  0000c192    00000108     CORDIC.obj (.text:getDisplaySetting)
                  0000c29a    000000fc     calibrate.obj (.text:Calibrate)
                  0000c396    000000d0     TIVar.obj (.text:UnsignedCharToTIReal)
                  0000c466    000000ca     Game.obj (.text:updateLocationOnTilt)
                  0000c530    000000c0     TI_IO.obj (.text:TISendByte)
                  0000c5f0    000000b6     main.obj (.text:InitializeGlobalVariables)
                  0000c6a6    000000a8     PTP.obj (.text:PTPSendByte)
                  0000c74e    000000a2     PTP.obj (.text:PTPSendReceive)
                  0000c7f0    000000a2     TI_IO.obj (.text:TIReceiveByte)
                  0000c892    000000a0     TI_IO.obj (.text:TIReceivePacket)
                  0000c932    0000008e     filter.obj (.text:filter)
                  0000c9c0    0000008e     CORDIC.obj (.text:findQuadrantAngle)
                  0000ca4e    0000008a     debounce.obj (.text:Debouncer)
                  0000cad8    00000088     TI_IO.obj (.text:TISendPacket)
                  0000cb60    00000082     PTP.obj (.text:PTPReceiveByte)
                  0000cbe2    0000006e     main.obj (.text:main)
                  0000cc50    0000006a     debounce.obj (.text:InitializeSwitch)
                  0000ccba    00000064     rts430_eabi.lib : copy_decompress_rle.obj (.text:__TI_decompress_rle_core)
                  0000cd1e    00000058                     : autoinit.obj (.text:_auto_init)
                  0000cd76    0000004e     Game.obj (.text:targetCheck)
                  0000cdc4    0000004c     Game.obj (.text:getTiltMultiplier)
                  0000ce10    0000004c     rts430_eabi.lib : lsr16.obj (.text)
                  0000ce5c    00000046     Game.obj (.text:initializeGame)
                  0000cea2    00000042     SPI.obj (.text:ConfigureSPI)
                  0000cee4    00000042     Game.obj (.text:moveUs)
                  0000cf26    0000003e     Game.obj (.text:updateDisplay)
                  0000cf64    00000038     rts430_eabi.lib : rand.obj (.text:rand)
                  0000cf9c    00000030     PTP.obj (.text:PTPDetectMaster)
                  0000cfcc    00000030     Game.obj (.text:moveTarget)
                  0000cffc    0000002c     ADC.obj (.text:ConfigureADC)
                  0000d028    0000002c     rts430_eabi.lib : asr16.obj (.text)
                  0000d054    0000002c                     : lsl16.obj (.text)
                  0000d080    0000002a     CORDIC.obj (.text:getQuad)
                  0000d0aa    00000026     TI_IO.obj (.text:TIInitializePins)
                  0000d0d0    00000026     TI_IO.obj (.text:TIResetPins)
                  0000d0f6    00000026     CORDIC.obj (.text:findTotalAngle)
                  0000d11c    00000026     rts430_eabi.lib : mult32.obj (.text)
                  0000d142    0000001a     PTP.obj (.text:PTPInitializePins)
                  0000d15c    0000001a     PTP.obj (.text:PTPResetPins)
                  0000d176    0000001a     timerA.obj (.text:Timer1_A3_initial)
                  0000d190    0000001a     calibrate.obj (.text:WaitButtonPress)
                  0000d1aa    0000001a     rts430_eabi.lib : boot_special.obj (.text:_c_int00_noargs_noexit)
                  0000d1c4    00000018     ADC.obj (.text:GetSamples)
                  0000d1dc    00000016     ADC.obj (.text:GetFilteredSample)
                  0000d1f2    00000016     debounce.obj (.text:GetSwitch)
                  0000d208    00000014     timerA.obj (.text:Timer0_A3_initial)
                  0000d21c    00000014     rts430_eabi.lib : copy_zero_init.obj (.text:decompress:ZI:__TI_zero_init)
                  0000d230    00000014                     : memset.obj (.text:memset)
                  0000d244    00000014                     : mult16.obj (.text)
                  0000d258    00000012                     : copy_decompress_none.obj (.text:decompress:none:__TI_decompress_none)
                  0000d26a    00000012                     : memcpy.obj (.text:memcpy)
                  0000d27c    00000012     Game.obj (.text:randY)
                  0000d28e    00000010     rts430_eabi.lib : epilog.obj (.text)
                  0000d29e    0000000e     main.obj (.text:ConfigureClockModule)
                  0000d2ac    0000000e     CORDIC.obj (.text:setCoordinates)
                  0000d2ba    0000000c     Game.obj (.text:randNum)
                  0000d2c6    0000000c     Game.obj (.text:randX)
                  0000d2d2    0000000a     timerA.obj (.text:ConfigureTimerA)
                  0000d2dc    0000000a     Game.obj (.text:initializePoint)
                  0000d2e6    0000000a     timerA.obj (.text:timerCaptureFallingInterrupt)
                  0000d2f0    00000006     rts430_eabi.lib : isr_trap.obj (.text:_isr:__TI_ISR_TRAP)
                  0000d2f6    00000006                     : copy_decompress_rle.obj (.text:decompress:rle24:__TI_decompress_rle24)
                  0000d2fc    00000006     timerA.obj (.text:periodicTimerA0Interrupt)
                  0000d302    00000004     rts430_eabi.lib : pre_init.obj (.text:_system_pre_init)
                  0000d306    00000004                     : exit.obj (.text:abort)
                  0000d30a    00000002                     : _lock.obj (.text:_nop)
                  0000d30c    00000002     timerA.obj (.text:timerCaptureRisingInterrupt)

.const     0    0000d30e    0000002f     
                  0000d30e    00000010     CORDIC.obj (.const:COSSCALE)
                  0000d31e    00000010     CORDIC.obj (.const:TANANGLES)
                  0000d32e    00000007     Game.obj (.const:.string:$P$T0$1)
                  0000d335    00000001     --HOLE-- [fill = 0]
                  0000d336    00000007     calibrate.obj (.const:.string:$P$T0$1)

.cinit     0    0000d33e    0000001e     
                  0000d33e    0000000c     (.cinit..data.load) [load image]
                  0000d34a    00000006     (__TI_handler_table)
                  0000d350    00000004     (.cinit..bss.load) [load image, compression = zero_init]
                  0000d354    00000008     (__TI_cinit_table)

.init_array 
*          0    0000c000    00000000     UNINITIALIZED

TRAPINT    0    0000ffe0    00000002     
                  0000ffe0    00000002     rts430_eabi.lib : int00.obj (.int00)

$fill000   0    0000ffde    00000002     
                  0000ffde    00000002     --HOLE-- [fill = ffff]

PORT1      0    0000ffe4    00000002     
                  0000ffe4    00000002     rts430_eabi.lib : int02.obj (.int02)

PORT2      0    0000ffe6    00000002     
                  0000ffe6    00000002     rts430_eabi.lib : int03.obj (.int03)

ADC10      0    0000ffea    00000002     
                  0000ffea    00000002     rts430_eabi.lib : int05.obj (.int05)

USCIAB0TX 
*          0    0000ffec    00000002     
                  0000ffec    00000002     rts430_eabi.lib : int06.obj (.int06)

USCIAB0RX 
*          0    0000ffee    00000002     
                  0000ffee    00000002     rts430_eabi.lib : int07.obj (.int07)

TIMER0_A1 
*          0    0000fff0    00000002     
                  0000fff0    00000002     rts430_eabi.lib : int08.obj (.int08)

TIMER0_A0 
*          0    0000fff2    00000002     
                  0000fff2    00000002     timerA.obj (.int09)

WDT        0    0000fff4    00000002     
                  0000fff4    00000002     rts430_eabi.lib : int10.obj (.int10)

COMPARATORA 
*          0    0000fff6    00000002     
                  0000fff6    00000002     rts430_eabi.lib : int11.obj (.int11)

TIMER1_A1 
*          0    0000fff8    00000002     
                  0000fff8    00000002     timerA.obj (.int12)

TIMER1_A0 
*          0    0000fffa    00000002     
                  0000fffa    00000002     timerA.obj (.int13)

NMI        0    0000fffc    00000002     
                  0000fffc    00000002     rts430_eabi.lib : int14.obj (.int14)

.reset     0    0000fffe    00000002     
                  0000fffe    00000002     rts430_eabi.lib : boot.obj (.reset)


LINKER GENERATED COPY TABLES

__TI_cinit_table @ 0000d354 records: 2, size/record: 4, table size: 8
	.data: load addr=0000d33e, load size=0000000c bytes, run addr=0000028e, run size=00000008 bytes, compression=copy
	.bss: load addr=0000d350, load size=00000004 bytes, run addr=00000200, run size=0000008d bytes, compression=zero_init


LINKER GENERATED HANDLER TABLE

__TI_handler_table @ 0000d34a records: 3, size/record: 2, table size: 6
	index: 0, handler: __TI_zero_init
	index: 1, handler: __TI_decompress_rle24
	index: 2, handler: __TI_decompress_none


GLOBAL SYMBOLS: SORTED ALPHABETICALLY BY Name 

address   name                        
-------   ----                        
0000004a  ADC10AE0                    
000001b0  ADC10CTL0                   
000001b2  ADC10CTL1                   
00000048  ADC10DTC0                   
00000049  ADC10DTC1                   
000001b4  ADC10MEM                    
000001bc  ADC10SA                     
00000057  BCSCTL1                     
00000058  BCSCTL2                     
00000053  BCSCTL3                     
0000d306  C$$EXIT                     
00000059  CACTL1                      
0000005a  CACTL2                      
000010fb  CALBC1_12MHZ                
000010f9  CALBC1_16MHZ                
000010ff  CALBC1_1MHZ                 
000010fd  CALBC1_8MHZ                 
000010fa  CALDCO_12MHZ                
000010f8  CALDCO_16MHZ                
000010fe  CALDCO_1MHZ                 
000010fc  CALDCO_8MHZ                 
0000005b  CAPD                        
0000d30e  COSSCALE                    
0000c29a  Calibrate                   
0000cffc  ConfigureADC                
0000d29e  ConfigureClockModule        
0000cea2  ConfigureSPI                
0000d2d2  ConfigureTimerA             
00000056  DCOCTL                      
0000ca4e  Debouncer                   
00000128  FCTL1                       
0000012a  FCTL2                       
0000012c  FCTL3                       
0000d1dc  GetFilteredSample           
0000d1c4  GetSamples                  
0000d1f2  GetSwitch                   
00000000  IE1                         
00000001  IE2                         
00000002  IFG1                        
00000003  IFG2                        
0000c5f0  InitializeGlobalVariables   
0000cc50  InitializeSwitch            
00000022  P1DIR                       
00000025  P1IE                        
00000024  P1IES                       
00000023  P1IFG                       
00000020  P1IN                        
00000021  P1OUT                       
00000027  P1REN                       
00000026  P1SEL                       
00000041  P1SEL2                      
0000002a  P2DIR                       
0000002d  P2IE                        
0000002c  P2IES                       
0000002b  P2IFG                       
00000028  P2IN                        
00000029  P2OUT                       
0000002f  P2REN                       
0000002e  P2SEL                       
00000042  P2SEL2                      
0000001a  P3DIR                       
00000018  P3IN                        
00000019  P3OUT                       
00000010  P3REN                       
0000001b  P3SEL                       
00000043  P3SEL2                      
0000cf9c  PTPDetectMaster             
0000d142  PTPInitializePins           
0000cb60  PTPReceiveByte              
0000d15c  PTPResetPins                
0000c6a6  PTPSendByte                 
0000c74e  PTPSendReceive              
00000172  TA0CCR0                     
00000174  TA0CCR1                     
00000176  TA0CCR2                     
00000162  TA0CCTL0                    
00000164  TA0CCTL1                    
00000166  TA0CCTL2                    
00000160  TA0CTL                      
0000012e  TA0IV                       
00000170  TA0R                        
00000192  TA1CCR0                     
00000194  TA1CCR1                     
00000196  TA1CCR2                     
00000182  TA1CCTL0                    
00000184  TA1CCTL1                    
00000186  TA1CCTL2                    
00000180  TA1CTL                      
0000011e  TA1IV                       
00000190  TA1R                        
0000d31e  TANANGLES                   
0000d0aa  TIInitializePins            
0000c7f0  TIReceiveByte               
0000c892  TIReceivePacket             
0000d0d0  TIResetPins                 
0000c530  TISendByte                  
0000c000  TISendListGetCalc           
0000cad8  TISendPacket                
000010db  TLV_ADC10_1_LEN             
000010da  TLV_ADC10_1_TAG             
000010c0  TLV_CHECKSUM                
000010f7  TLV_DCO_30_LEN              
000010f6  TLV_DCO_30_TAG              
0000d208  Timer0_A3_initial           
0000d176  Timer1_A3_initial           
0000005d  UCA0ABCTL                   
00000062  UCA0BR0                     
00000063  UCA0BR1                     
00000060  UCA0CTL0                    
00000061  UCA0CTL1                    
0000005f  UCA0IRRCTL                  
0000005e  UCA0IRTCTL                  
00000064  UCA0MCTL                    
00000066  UCA0RXBUF                   
00000065  UCA0STAT                    
00000067  UCA0TXBUF                   
0000006a  UCB0BR0                     
0000006b  UCB0BR1                     
00000068  UCB0CTL0                    
00000069  UCB0CTL1                    
0000006c  UCB0I2CIE                   
00000118  UCB0I2COA                   
0000011a  UCB0I2CSA                   
0000006e  UCB0RXBUF                   
0000006d  UCB0STAT                    
0000006f  UCB0TXBUF                   
0000c396  UnsignedCharToTIReal        
00000120  WDTCTL                      
0000d190  WaitButtonPress             
00000400  __STACK_END                 
00000050  __STACK_SIZE                
0000d354  __TI_CINIT_Base             
0000d35c  __TI_CINIT_Limit            
0000d34a  __TI_Handler_Table_Base     
0000d350  __TI_Handler_Table_Limit    
UNDEFED   __TI_INITARRAY_Base         
UNDEFED   __TI_INITARRAY_Limit        
0000d2f0  __TI_ISR_TRAP               
0000d258  __TI_decompress_none        
0000d2f6  __TI_decompress_rle24       
0000ffe0  __TI_int00                  
0000ffe4  __TI_int02                  
0000ffe6  __TI_int03                  
0000ffea  __TI_int05                  
0000ffec  __TI_int06                  
0000ffee  __TI_int07                  
0000fff0  __TI_int08                  
0000fff2  __TI_int09                  
0000fff4  __TI_int10                  
0000fff6  __TI_int11                  
0000fff8  __TI_int12                  
0000fffa  __TI_int13                  
0000fffc  __TI_int14                  
0000d21c  __TI_zero_init              
ffffffff  __binit__                   
ffffffff  __c_args__                  
0000d29a  __mspabi_func_epilog_1      
0000d298  __mspabi_func_epilog_2      
0000d296  __mspabi_func_epilog_3      
0000d294  __mspabi_func_epilog_4      
0000d292  __mspabi_func_epilog_5      
0000d290  __mspabi_func_epilog_6      
0000d28e  __mspabi_func_epilog_7      
0000d244  __mspabi_mpyi               
0000d244  __mspabi_mpyi_sw            
0000d11c  __mspabi_mpyl               
0000d11c  __mspabi_mpyl_sw            
0000d054  __mspabi_slli               
0000d07c  __mspabi_slli_1             
0000d06a  __mspabi_slli_10            
0000d068  __mspabi_slli_11            
0000d066  __mspabi_slli_12            
0000d064  __mspabi_slli_13            
0000d062  __mspabi_slli_14            
0000d060  __mspabi_slli_15            
0000d07a  __mspabi_slli_2             
0000d078  __mspabi_slli_3             
0000d076  __mspabi_slli_4             
0000d074  __mspabi_slli_5             
0000d072  __mspabi_slli_6             
0000d070  __mspabi_slli_7             
0000d06e  __mspabi_slli_8             
0000d06c  __mspabi_slli_9             
0000d028  __mspabi_srai               
0000d050  __mspabi_srai_1             
0000d03e  __mspabi_srai_10            
0000d03c  __mspabi_srai_11            
0000d03a  __mspabi_srai_12            
0000d038  __mspabi_srai_13            
0000d036  __mspabi_srai_14            
0000d034  __mspabi_srai_15            
0000d04e  __mspabi_srai_2             
0000d04c  __mspabi_srai_3             
0000d04a  __mspabi_srai_4             
0000d048  __mspabi_srai_5             
0000d046  __mspabi_srai_6             
0000d044  __mspabi_srai_7             
0000d042  __mspabi_srai_8             
0000d040  __mspabi_srai_9             
0000ce10  __mspabi_srli               
0000ce56  __mspabi_srli_1             
0000ce32  __mspabi_srli_10            
0000ce2e  __mspabi_srli_11            
0000ce2a  __mspabi_srli_12            
0000ce26  __mspabi_srli_13            
0000ce22  __mspabi_srli_14            
0000ce1e  __mspabi_srli_15            
0000ce52  __mspabi_srli_2             
0000ce4e  __mspabi_srli_3             
0000ce4a  __mspabi_srli_4             
0000ce46  __mspabi_srli_5             
0000ce42  __mspabi_srli_6             
0000ce3e  __mspabi_srli_7             
0000ce3a  __mspabi_srli_8             
0000ce36  __mspabi_srli_9             
0000cd1e  _auto_init                  
0000d1aa  _c_int00_noargs_noexit      
00000292  _lock                       
0000d30a  _nop                        
0000fffe  _reset_vector               
000003b0  _stack                      
0000d302  _system_pre_init            
00000294  _unlock                     
0000d306  abort                       
0000027a  angles                      
00000256  average                     
ffffffff  binit                       
00000284  bufferPointer               
0000025c  calibratedMAX               
00000262  calibratedMIN               
00000268  calibratedZero              
00000200  circularBuffer              
0000c932  filter                      
0000c9c0  findQuadrantAngle           
0000d0f6  findTotalAngle              
00000286  g250usTimer                 
00000230  gPushButton                 
0000028a  gameData                    
0000c192  getDisplaySetting           
0000d080  getQuad                     
0000cdc4  getTiltMultiplier           
0000ce5c  initializeGame              
0000d2dc  initializePoint             
0000cbe2  main                        
0000028b  masterSlave                 
0000d26a  memcpy                      
0000d230  memset                      
0000cfcc  moveTarget                  
0000cee4  moveUs                      
0000d2fc  periodicTimerA0Interrupt    
0000cf64  rand                        
0000d2ba  randNum                     
0000d2c6  randX                       
0000d27c  randY                       
0000026e  runningSum                  
00000246  sample                      
0000028c  scoreTimer                  
0000d2ac  setCoordinates              
00000288  target                      
0000cd76  targetCheck                 
0000027e  them                        
0000d2e6  timerCaptureFallingInterrupt
0000d30c  timerCaptureRisingInterrupt 
0000cf26  updateDisplay               
0000c466  updateLocationOnTilt        
00000281  us                          
00000274  xyzCoordinates              


GLOBAL SYMBOLS: SORTED BY Symbol Address 

address   name                        
-------   ----                        
00000000  IE1                         
00000001  IE2                         
00000002  IFG1                        
00000003  IFG2                        
00000010  P3REN                       
00000018  P3IN                        
00000019  P3OUT                       
0000001a  P3DIR                       
0000001b  P3SEL                       
00000020  P1IN                        
00000021  P1OUT                       
00000022  P1DIR                       
00000023  P1IFG                       
00000024  P1IES                       
00000025  P1IE                        
00000026  P1SEL                       
00000027  P1REN                       
00000028  P2IN                        
00000029  P2OUT                       
0000002a  P2DIR                       
0000002b  P2IFG                       
0000002c  P2IES                       
0000002d  P2IE                        
0000002e  P2SEL                       
0000002f  P2REN                       
00000041  P1SEL2                      
00000042  P2SEL2                      
00000043  P3SEL2                      
00000048  ADC10DTC0                   
00000049  ADC10DTC1                   
0000004a  ADC10AE0                    
00000050  __STACK_SIZE                
00000053  BCSCTL3                     
00000056  DCOCTL                      
00000057  BCSCTL1                     
00000058  BCSCTL2                     
00000059  CACTL1                      
0000005a  CACTL2                      
0000005b  CAPD                        
0000005d  UCA0ABCTL                   
0000005e  UCA0IRTCTL                  
0000005f  UCA0IRRCTL                  
00000060  UCA0CTL0                    
00000061  UCA0CTL1                    
00000062  UCA0BR0                     
00000063  UCA0BR1                     
00000064  UCA0MCTL                    
00000065  UCA0STAT                    
00000066  UCA0RXBUF                   
00000067  UCA0TXBUF                   
00000068  UCB0CTL0                    
00000069  UCB0CTL1                    
0000006a  UCB0BR0                     
0000006b  UCB0BR1                     
0000006c  UCB0I2CIE                   
0000006d  UCB0STAT                    
0000006e  UCB0RXBUF                   
0000006f  UCB0TXBUF                   
00000118  UCB0I2COA                   
0000011a  UCB0I2CSA                   
0000011e  TA1IV                       
00000120  WDTCTL                      
00000128  FCTL1                       
0000012a  FCTL2                       
0000012c  FCTL3                       
0000012e  TA0IV                       
00000160  TA0CTL                      
00000162  TA0CCTL0                    
00000164  TA0CCTL1                    
00000166  TA0CCTL2                    
00000170  TA0R                        
00000172  TA0CCR0                     
00000174  TA0CCR1                     
00000176  TA0CCR2                     
00000180  TA1CTL                      
00000182  TA1CCTL0                    
00000184  TA1CCTL1                    
00000186  TA1CCTL2                    
00000190  TA1R                        
00000192  TA1CCR0                     
00000194  TA1CCR1                     
00000196  TA1CCR2                     
000001b0  ADC10CTL0                   
000001b2  ADC10CTL1                   
000001b4  ADC10MEM                    
000001bc  ADC10SA                     
00000200  circularBuffer              
00000230  gPushButton                 
00000246  sample                      
00000256  average                     
0000025c  calibratedMAX               
00000262  calibratedMIN               
00000268  calibratedZero              
0000026e  runningSum                  
00000274  xyzCoordinates              
0000027a  angles                      
0000027e  them                        
00000281  us                          
00000284  bufferPointer               
00000286  g250usTimer                 
00000288  target                      
0000028a  gameData                    
0000028b  masterSlave                 
0000028c  scoreTimer                  
00000292  _lock                       
00000294  _unlock                     
000003b0  _stack                      
00000400  __STACK_END                 
000010c0  TLV_CHECKSUM                
000010da  TLV_ADC10_1_TAG             
000010db  TLV_ADC10_1_LEN             
000010f6  TLV_DCO_30_TAG              
000010f7  TLV_DCO_30_LEN              
000010f8  CALDCO_16MHZ                
000010f9  CALBC1_16MHZ                
000010fa  CALDCO_12MHZ                
000010fb  CALBC1_12MHZ                
000010fc  CALDCO_8MHZ                 
000010fd  CALBC1_8MHZ                 
000010fe  CALDCO_1MHZ                 
000010ff  CALBC1_1MHZ                 
0000c000  TISendListGetCalc           
0000c192  getDisplaySetting           
0000c29a  Calibrate                   
0000c396  UnsignedCharToTIReal        
0000c466  updateLocationOnTilt        
0000c530  TISendByte                  
0000c5f0  InitializeGlobalVariables   
0000c6a6  PTPSendByte                 
0000c74e  PTPSendReceive              
0000c7f0  TIReceiveByte               
0000c892  TIReceivePacket             
0000c932  filter                      
0000c9c0  findQuadrantAngle           
0000ca4e  Debouncer                   
0000cad8  TISendPacket                
0000cb60  PTPReceiveByte              
0000cbe2  main                        
0000cc50  InitializeSwitch            
0000cd1e  _auto_init                  
0000cd76  targetCheck                 
0000cdc4  getTiltMultiplier           
0000ce10  __mspabi_srli               
0000ce1e  __mspabi_srli_15            
0000ce22  __mspabi_srli_14            
0000ce26  __mspabi_srli_13            
0000ce2a  __mspabi_srli_12            
0000ce2e  __mspabi_srli_11            
0000ce32  __mspabi_srli_10            
0000ce36  __mspabi_srli_9             
0000ce3a  __mspabi_srli_8             
0000ce3e  __mspabi_srli_7             
0000ce42  __mspabi_srli_6             
0000ce46  __mspabi_srli_5             
0000ce4a  __mspabi_srli_4             
0000ce4e  __mspabi_srli_3             
0000ce52  __mspabi_srli_2             
0000ce56  __mspabi_srli_1             
0000ce5c  initializeGame              
0000cea2  ConfigureSPI                
0000cee4  moveUs                      
0000cf26  updateDisplay               
0000cf64  rand                        
0000cf9c  PTPDetectMaster             
0000cfcc  moveTarget                  
0000cffc  ConfigureADC                
0000d028  __mspabi_srai               
0000d034  __mspabi_srai_15            
0000d036  __mspabi_srai_14            
0000d038  __mspabi_srai_13            
0000d03a  __mspabi_srai_12            
0000d03c  __mspabi_srai_11            
0000d03e  __mspabi_srai_10            
0000d040  __mspabi_srai_9             
0000d042  __mspabi_srai_8             
0000d044  __mspabi_srai_7             
0000d046  __mspabi_srai_6             
0000d048  __mspabi_srai_5             
0000d04a  __mspabi_srai_4             
0000d04c  __mspabi_srai_3             
0000d04e  __mspabi_srai_2             
0000d050  __mspabi_srai_1             
0000d054  __mspabi_slli               
0000d060  __mspabi_slli_15            
0000d062  __mspabi_slli_14            
0000d064  __mspabi_slli_13            
0000d066  __mspabi_slli_12            
0000d068  __mspabi_slli_11            
0000d06a  __mspabi_slli_10            
0000d06c  __mspabi_slli_9             
0000d06e  __mspabi_slli_8             
0000d070  __mspabi_slli_7             
0000d072  __mspabi_slli_6             
0000d074  __mspabi_slli_5             
0000d076  __mspabi_slli_4             
0000d078  __mspabi_slli_3             
0000d07a  __mspabi_slli_2             
0000d07c  __mspabi_slli_1             
0000d080  getQuad                     
0000d0aa  TIInitializePins            
0000d0d0  TIResetPins                 
0000d0f6  findTotalAngle              
0000d11c  __mspabi_mpyl               
0000d11c  __mspabi_mpyl_sw            
0000d142  PTPInitializePins           
0000d15c  PTPResetPins                
0000d176  Timer1_A3_initial           
0000d190  WaitButtonPress             
0000d1aa  _c_int00_noargs_noexit      
0000d1c4  GetSamples                  
0000d1dc  GetFilteredSample           
0000d1f2  GetSwitch                   
0000d208  Timer0_A3_initial           
0000d21c  __TI_zero_init              
0000d230  memset                      
0000d244  __mspabi_mpyi               
0000d244  __mspabi_mpyi_sw            
0000d258  __TI_decompress_none        
0000d26a  memcpy                      
0000d27c  randY                       
0000d28e  __mspabi_func_epilog_7      
0000d290  __mspabi_func_epilog_6      
0000d292  __mspabi_func_epilog_5      
0000d294  __mspabi_func_epilog_4      
0000d296  __mspabi_func_epilog_3      
0000d298  __mspabi_func_epilog_2      
0000d29a  __mspabi_func_epilog_1      
0000d29e  ConfigureClockModule        
0000d2ac  setCoordinates              
0000d2ba  randNum                     
0000d2c6  randX                       
0000d2d2  ConfigureTimerA             
0000d2dc  initializePoint             
0000d2e6  timerCaptureFallingInterrupt
0000d2f0  __TI_ISR_TRAP               
0000d2f6  __TI_decompress_rle24       
0000d2fc  periodicTimerA0Interrupt    
0000d302  _system_pre_init            
0000d306  C$$EXIT                     
0000d306  abort                       
0000d30a  _nop                        
0000d30c  timerCaptureRisingInterrupt 
0000d30e  COSSCALE                    
0000d31e  TANANGLES                   
0000d34a  __TI_Handler_Table_Base     
0000d350  __TI_Handler_Table_Limit    
0000d354  __TI_CINIT_Base             
0000d35c  __TI_CINIT_Limit            
0000ffe0  __TI_int00                  
0000ffe4  __TI_int02                  
0000ffe6  __TI_int03                  
0000ffea  __TI_int05                  
0000ffec  __TI_int06                  
0000ffee  __TI_int07                  
0000fff0  __TI_int08                  
0000fff2  __TI_int09                  
0000fff4  __TI_int10                  
0000fff6  __TI_int11                  
0000fff8  __TI_int12                  
0000fffa  __TI_int13                  
0000fffc  __TI_int14                  
0000fffe  _reset_vector               
ffffffff  __binit__                   
ffffffff  __c_args__                  
ffffffff  binit                       
UNDEFED   __TI_INITARRAY_Base         
UNDEFED   __TI_INITARRAY_Limit        

[267 symbols]
